Archive member included to satisfy reference by file (symbol)

C:/ST/STM32CubeIDE_1.19.0/STM32CubeIDE/plugins/com.st.stm32cube.ide.mcu.externaltools.gnu-tools-for-stm32.13.3.rel1.win32_1.0.0.202411081344/tools/bin/../lib/gcc/arm-none-eabi/13.3.1/../../../../arm-none-eabi/lib/thumb/v7e-m+fp/hard\libc_nano.a(libc_a-atoi.o)
                              ./Core/Src/fonctions.o (atoi)
C:/ST/STM32CubeIDE_1.19.0/STM32CubeIDE/plugins/com.st.stm32cube.ide.mcu.externaltools.gnu-tools-for-stm32.13.3.rel1.win32_1.0.0.202411081344/tools/bin/../lib/gcc/arm-none-eabi/13.3.1/../../../../arm-none-eabi/lib/thumb/v7e-m+fp/hard\libc_nano.a(libc_a-exit.o)
                              C:/ST/STM32CubeIDE_1.19.0/STM32CubeIDE/plugins/com.st.stm32cube.ide.mcu.externaltools.gnu-tools-for-stm32.13.3.rel1.win32_1.0.0.202411081344/tools/bin/../lib/gcc/arm-none-eabi/13.3.1/../../../../arm-none-eabi/lib/thumb/v7e-m+fp/hard/crt0.o (exit)
C:/ST/STM32CubeIDE_1.19.0/STM32CubeIDE/plugins/com.st.stm32cube.ide.mcu.externaltools.gnu-tools-for-stm32.13.3.rel1.win32_1.0.0.202411081344/tools/bin/../lib/gcc/arm-none-eabi/13.3.1/../../../../arm-none-eabi/lib/thumb/v7e-m+fp/hard\libc_nano.a(libc_a-strtol.o)
                              C:/ST/STM32CubeIDE_1.19.0/STM32CubeIDE/plugins/com.st.stm32cube.ide.mcu.externaltools.gnu-tools-for-stm32.13.3.rel1.win32_1.0.0.202411081344/tools/bin/../lib/gcc/arm-none-eabi/13.3.1/../../../../arm-none-eabi/lib/thumb/v7e-m+fp/hard\libc_nano.a(libc_a-atoi.o) (_strtol_r)
C:/ST/STM32CubeIDE_1.19.0/STM32CubeIDE/plugins/com.st.stm32cube.ide.mcu.externaltools.gnu-tools-for-stm32.13.3.rel1.win32_1.0.0.202411081344/tools/bin/../lib/gcc/arm-none-eabi/13.3.1/../../../../arm-none-eabi/lib/thumb/v7e-m+fp/hard\libc_nano.a(libc_a-ctype_.o)
                              C:/ST/STM32CubeIDE_1.19.0/STM32CubeIDE/plugins/com.st.stm32cube.ide.mcu.externaltools.gnu-tools-for-stm32.13.3.rel1.win32_1.0.0.202411081344/tools/bin/../lib/gcc/arm-none-eabi/13.3.1/../../../../arm-none-eabi/lib/thumb/v7e-m+fp/hard\libc_nano.a(libc_a-strtol.o) (_ctype_)
C:/ST/STM32CubeIDE_1.19.0/STM32CubeIDE/plugins/com.st.stm32cube.ide.mcu.externaltools.gnu-tools-for-stm32.13.3.rel1.win32_1.0.0.202411081344/tools/bin/../lib/gcc/arm-none-eabi/13.3.1/../../../../arm-none-eabi/lib/thumb/v7e-m+fp/hard\libc_nano.a(libc_a-findfp.o)
                              C:/ST/STM32CubeIDE_1.19.0/STM32CubeIDE/plugins/com.st.stm32cube.ide.mcu.externaltools.gnu-tools-for-stm32.13.3.rel1.win32_1.0.0.202411081344/tools/bin/../lib/gcc/arm-none-eabi/13.3.1/../../../../arm-none-eabi/lib/thumb/v7e-m+fp/hard\libc_nano.a(libc_a-exit.o) (__stdio_exit_handler)
C:/ST/STM32CubeIDE_1.19.0/STM32CubeIDE/plugins/com.st.stm32cube.ide.mcu.externaltools.gnu-tools-for-stm32.13.3.rel1.win32_1.0.0.202411081344/tools/bin/../lib/gcc/arm-none-eabi/13.3.1/../../../../arm-none-eabi/lib/thumb/v7e-m+fp/hard\libc_nano.a(libc_a-fwalk.o)
                              C:/ST/STM32CubeIDE_1.19.0/STM32CubeIDE/plugins/com.st.stm32cube.ide.mcu.externaltools.gnu-tools-for-stm32.13.3.rel1.win32_1.0.0.202411081344/tools/bin/../lib/gcc/arm-none-eabi/13.3.1/../../../../arm-none-eabi/lib/thumb/v7e-m+fp/hard\libc_nano.a(libc_a-findfp.o) (_fwalk_sglue)
C:/ST/STM32CubeIDE_1.19.0/STM32CubeIDE/plugins/com.st.stm32cube.ide.mcu.externaltools.gnu-tools-for-stm32.13.3.rel1.win32_1.0.0.202411081344/tools/bin/../lib/gcc/arm-none-eabi/13.3.1/../../../../arm-none-eabi/lib/thumb/v7e-m+fp/hard\libc_nano.a(libc_a-printf.o)
                              ./Core/Src/fonctions.o (printf)
C:/ST/STM32CubeIDE_1.19.0/STM32CubeIDE/plugins/com.st.stm32cube.ide.mcu.externaltools.gnu-tools-for-stm32.13.3.rel1.win32_1.0.0.202411081344/tools/bin/../lib/gcc/arm-none-eabi/13.3.1/../../../../arm-none-eabi/lib/thumb/v7e-m+fp/hard\libc_nano.a(libc_a-puts.o)
                              ./Core/Src/fonctions.o (puts)
C:/ST/STM32CubeIDE_1.19.0/STM32CubeIDE/plugins/com.st.stm32cube.ide.mcu.externaltools.gnu-tools-for-stm32.13.3.rel1.win32_1.0.0.202411081344/tools/bin/../lib/gcc/arm-none-eabi/13.3.1/../../../../arm-none-eabi/lib/thumb/v7e-m+fp/hard\libc_nano.a(libc_a-snprintf.o)
                              ./Shell/shell.o (snprintf)
C:/ST/STM32CubeIDE_1.19.0/STM32CubeIDE/plugins/com.st.stm32cube.ide.mcu.externaltools.gnu-tools-for-stm32.13.3.rel1.win32_1.0.0.202411081344/tools/bin/../lib/gcc/arm-none-eabi/13.3.1/../../../../arm-none-eabi/lib/thumb/v7e-m+fp/hard\libc_nano.a(libc_a-stdio.o)
                              C:/ST/STM32CubeIDE_1.19.0/STM32CubeIDE/plugins/com.st.stm32cube.ide.mcu.externaltools.gnu-tools-for-stm32.13.3.rel1.win32_1.0.0.202411081344/tools/bin/../lib/gcc/arm-none-eabi/13.3.1/../../../../arm-none-eabi/lib/thumb/v7e-m+fp/hard\libc_nano.a(libc_a-findfp.o) (__sread)
C:/ST/STM32CubeIDE_1.19.0/STM32CubeIDE/plugins/com.st.stm32cube.ide.mcu.externaltools.gnu-tools-for-stm32.13.3.rel1.win32_1.0.0.202411081344/tools/bin/../lib/gcc/arm-none-eabi/13.3.1/../../../../arm-none-eabi/lib/thumb/v7e-m+fp/hard\libc_nano.a(libc_a-wbuf.o)
[...]
Memory Configuration

Name             Origin             Length             Attributes
RAM              0x20000000         0x00008000         xrw
FLASH            0x08000000         0x00020000         xr
*default*        0x00000000         0xffffffff

Linker script and memory map

LOAD C:/ST/STM32CubeIDE_1.19.0/STM32CubeIDE/plugins/com.st.stm32cube.ide.mcu.externaltools.gnu-tools-for-stm32.13.3.rel1.win32_1.0.0.202411081344/tools/bin/../lib/gcc/arm-none-eabi/13.3.1/thumb/v7e-m+fp/hard/crti.o
LOAD C:/ST/STM32CubeIDE_1.19.0/STM32CubeIDE/plugins/com.st.stm32cube.ide.mcu.externaltools.gnu-tools-for-stm32.13.3.rel1.win32_1.0.0.202411081344/tools/bin/../lib/gcc/arm-none-eabi/13.3.1/thumb/v7e-m+fp/hard/crtbegin.o
LOAD C:/ST/STM32CubeIDE_1.19.0/STM32CubeIDE/plugins/com.st.stm32cube.ide.mcu.externaltools.gnu-tools-for-stm32.13.3.rel1.win32_1.0.0.202411081344/tools/bin/../lib/gcc/arm-none-eabi/13.3.1/../../../../arm-none-eabi/lib/thumb/v7e-m+fp/hard/crt0.o
LOAD ./Core/Src/app_freertos.o
LOAD ./Core/Src/fonctions.o
LOAD ./Core/Src/gpio.o
LOAD ./Core/Src/main.o
LOAD ./Core/Src/stm32g4xx_hal_msp.o
LOAD ./Core/Src/stm32g4xx_it.o
LOAD ./Core/Src/syscalls.o
LOAD ./Core/Src/sysmem.o
LOAD ./Core/Src/system_stm32g4xx.o
LOAD ./Core/Src/task.o
LOAD ./Core/Src/usart.o
LOAD ./Core/Startup/startup_stm32g431rbtx.o
LOAD ./Drivers/STM32G4xx_HAL_Driver/Src/stm32g4xx_hal.o
LOAD ./Drivers/STM32G4xx_HAL_Driver/Src/stm32g4xx_hal_cortex.o
LOAD ./Drivers/STM32G4xx_HAL_Driver/Src/stm32g4xx_hal_dma.o
LOAD ./Drivers/STM32G4xx_HAL_Driver/Src/stm32g4xx_hal_dma_ex.o
LOAD ./Drivers/STM32G4xx_HAL_Driver/Src/stm32g4xx_hal_exti.o
LOAD ./Drivers/STM32G4xx_HAL_Driver/Src/stm32g4xx_hal_flash.o
LOAD ./Drivers/STM32G4xx_HAL_Driver/Src/stm32g4xx_hal_flash_ex.o
LOAD ./Drivers/STM32G4xx_HAL_Driver/Src/stm32g4xx_hal_flash_ramfunc.o
LOAD ./Drivers/STM32G4xx_HAL_Driver/Src/stm32g4xx_hal_gpio.o
LOAD ./Drivers/STM32G4xx_HAL_Driver/Src/stm32g4xx_hal_pwr.o
LOAD ./Drivers/STM32G4xx_HAL_Driver/Src/stm32g4xx_hal_pwr_ex.o
LOAD ./Drivers/STM32G4xx_HAL_Driver/Src/stm32g4xx_hal_rcc.o
LOAD ./Drivers/STM32G4xx_HAL_Driver/Src/stm32g4xx_hal_rcc_ex.o
LOAD ./Drivers/STM32G4xx_HAL_Driver/Src/stm32g4xx_hal_uart.o
LOAD ./Drivers/STM32G4xx_HAL_Driver/Src/stm32g4xx_hal_uart_ex.o
LOAD ./Middlewares/Third_Party/FreeRTOS/Source/CMSIS_RTOS/cmsis_os.o
LOAD ./Middlewares/Third_Party/FreeRTOS/Source/croutine.o
LOAD ./Middlewares/Third_Party/FreeRTOS/Source/event_groups.o
LOAD ./Middlewares/Third_Party/FreeRTOS/Source/list.o
LOAD ./Middlewares/Third_Party/FreeRTOS/Source/queue.o
LOAD ./Middlewares/Third_Party/FreeRTOS/Source/stream_buffer.o
LOAD ./Middlewares/Third_Party/FreeRTOS/Source/tasks.o
LOAD ./Middlewares/Third_Party/FreeRTOS/Source/timers.o
LOAD ./Middlewares/Third_Party/FreeRTOS/Source/portable/GCC/ARM_CM4F/port.o
LOAD ./Middlewares/Third_Party/FreeRTOS/Source/portable/MemMang/heap_4.o
LOAD ./Shell/shell.o
START GROUP
LOAD C:/ST/STM32CubeIDE_1.19.0/STM32CubeIDE/plugins/com.st.stm32cube.ide.mcu.externaltools.gnu-tools-for-stm32.13.3.rel1.win32_1.0.0.202411081344/tools/bin/../lib/gcc/arm-none-eabi/13.3.1/../../../../arm-none-eabi/lib/thumb/v7e-m+fp/hard\libc_nano.a
LOAD C:/ST/STM32CubeIDE_1.19.0/STM32CubeIDE/plugins/com.st.stm32cube.ide.mcu.externaltools.gnu-tools-for-stm32.13.3.rel1.win32_1.0.0.202411081344/tools/bin/../lib/gcc/arm-none-eabi/13.3.1/../../../../arm-none-eabi/lib/thumb/v7e-m+fp/hard\libm.a
END GROUP
START GROUP
LOAD C:/ST/STM32CubeIDE_1.19.0/STM32CubeIDE/plugins/com.st.stm32cube.ide.mcu.externaltools.gnu-tools-for-stm32.13.3.rel1.win32_1.0.0.202411081344/tools/bin/../lib/gcc/arm-none-eabi/13.3.1/thumb/v7e-m+fp/hard\libgcc.a
LOAD C:/ST/STM32CubeIDE_1.19.0/STM32CubeIDE/plugins/com.st.stm32cube.ide.mcu.externaltools.gnu-tools-for-stm32.13.3.rel1.win32_1.0.0.202411081344/tools/bin/../lib/gcc/arm-none-eabi/13.3.1/../../../../arm-none-eabi/lib/thumb/v7e-m+fp/hard\libc_nano.a
END GROUP
START GROUP
LOAD C:/ST/STM32CubeIDE_1.19.0/STM32CubeIDE/plugins/com.st.stm32cube.ide.mcu.externaltools.gnu-tools-for-stm32.13.3.rel1.win32_1.0.0.202411081344/tools/bin/../lib/gcc/arm-none-eabi/13.3.1/thumb/v7e-m+fp/hard\libgcc.a
LOAD C:/ST/STM32CubeIDE_1.19.0/STM32CubeIDE/plugins/com.st.stm32cube.ide.mcu.externaltools.gnu-tools-for-stm32.13.3.rel1.win32_1.0.0.202411081344/tools/bin/../lib/gcc/arm-none-eabi/13.3.1/../../../../arm-none-eabi/lib/thumb/v7e-m+fp/hard\libc_nano.a
LOAD C:/ST/STM32CubeIDE_1.19.0/STM32CubeIDE/plugins/com.st.stm32cube.ide.mcu.externaltools.gnu-tools-for-stm32.13.3.rel1.win32_1.0.0.202411081344/tools/bin/../lib/gcc/arm-none-eabi/13.3.1/../../../../arm-none-eabi/lib/thumb/v7e-m+fp/hard\libnosys.a
END GROUP
START GROUP
LOAD C:/ST/STM32CubeIDE_1.19.0/STM32CubeIDE/plugins/com.st.stm32cube.ide.mcu.externaltools.gnu-tools-for-stm32.13.3.rel1.win32_1.0.0.202411081344/tools/bin/../lib/gcc/arm-none-eabi/13.3.1/thumb/v7e-m+fp/hard\libgcc.a
LOAD C:/ST/STM32CubeIDE_1.19.0/STM32CubeIDE/plugins/com.st.stm32cube.ide.mcu.externaltools.gnu-tools-for-stm32.13.3.rel1.win32_1.0.0.202411081344/tools/bin/../lib/gcc/arm-none-eabi/13.3.1/../../../../arm-none-eabi/lib/thumb/v7e-m+fp/hard\libc_nano.a
LOAD C:/ST/STM32CubeIDE_1.19.0/STM32CubeIDE/plugins/com.st.stm32cube.ide.mcu.externaltools.gnu-tools-for-stm32.13.3.rel1.win32_1.0.0.202411081344/tools/bin/../lib/gcc/arm-none-eabi/13.3.1/../../../../arm-none-eabi/lib/thumb/v7e-m+fp/hard\libnosys.a
END GROUP
LOAD C:/ST/STM32CubeIDE_1.19.0/STM32CubeIDE/plugins/com.st.stm32cube.ide.mcu.externaltools.gnu-tools-for-stm32.13.3.rel1.win32_1.0.0.202411081344/tools/bin/../lib/gcc/arm-none-eabi/13.3.1/thumb/v7e-m+fp/hard/crtend.o
LOAD C:/ST/STM32CubeIDE_1.19.0/STM32CubeIDE/plugins/com.st.stm32cube.ide.mcu.externaltools.gnu-tools-for-stm32.13.3.rel1.win32_1.0.0.202411081344/tools/bin/../lib/gcc/arm-none-eabi/13.3.1/thumb/v7e-m+fp/hard/crtn.o
                0x20008000                        _estack = (ORIGIN (RAM) + LENGTH (RAM))
                0x00000200                        _Min_Heap_Size = 0x200
                0x00000400                        _Min_Stack_Size = 0x400

.isr_vector     0x08000000      0x1d8
                0x08000000                        . = ALIGN (0x4)
 *(.isr_vector)
 .isr_vector    0x08000000      0x1d8 ./Core/Startup/startup_stm32g431rbtx.o
                0x08000000                g_pfnVectors
                0x080001d8                        . = ALIGN (0x4)

.text           0x080001e0     0x86a8
                0x080001e0                        . = ALIGN (0x4)
 *(.text)
 .text          0x080001e0       0x40 C:/ST/STM32CubeIDE_1.19.0/STM32CubeIDE/plugins/com.st.stm32cube.ide.mcu.externaltools.gnu-tools-for-stm32.13.3.rel1.win32_1.0.0.202411081344/tools/bin/../lib/gcc/arm-none-eabi/13.3.1/thumb/v7e-m+fp/hard/crtbegin.o
 .text          0x08000220       0xa0 C:/ST/STM32CubeIDE_1.19.0/STM32CubeIDE/plugins/com.st.stm32cube.ide.mcu.externaltools.gnu-tools-for-stm32.13.3.rel1.win32_1.0.0.202411081344/tools/bin/../lib/gcc/arm-none-eabi/13.3.1/../../../../arm-none-eabi/lib/thumb/v7e-m+fp/hard\libc_nano.a(libc_a-memchr.o)
                0x08000220                memchr
 .text          0x080002c0       0x30 C:/ST/STM32CubeIDE_1.19.0/STM32CubeIDE/plugins/com.st.stm32cube.ide.mcu.externaltools.gnu-tools-for-stm32.13.3.rel1.win32_1.0.0.202411081344/tools/bin/../lib/gcc/arm-none-eabi/13.3.1/thumb/v7e-m+fp/hard\libgcc.a(_aeabi_uldivmod.o)
                0x080002c0                __aeabi_uldivmod
 .text          0x080002f0      0x2f8 C:/ST/STM32CubeIDE_1.19.0/STM32CubeIDE/plugins/com.st.stm32cube.ide.mcu.externaltools.gnu-tools-for-stm32.13.3.rel1.win32_1.0.0.202411081344/tools/bin/../lib/gcc/arm-none-eabi/13.3.1/thumb/v7e-m+fp/hard\libgcc.a(_udivmoddi4.o)
                0x080002f0                __udivmoddi4
 .text          0x080005e8        0x4 C:/ST/STM32CubeIDE_1.19.0/STM32CubeIDE/plugins/com.st.stm32cube.ide.mcu.externaltools.gnu-tools-for-stm32.13.3.rel1.win32_1.0.0.202411081344/tools/bin/../lib/gcc/arm-none-eabi/13.3.1/thumb/v7e-m+fp/hard\libgcc.a(_dvmd_tls.o)
                0x080005e8                __aeabi_idiv0
                0x080005e8                __aeabi_ldiv0
 *(.text*)
 .text.vApplicationGetIdleTaskMemory
                0x080005ec       0x34 ./Core/Src/app_freertos.o
                0x080005ec                vApplicationGetIdleTaskMemory
 .text.MX_FREERTOS_Init
                0x08000620       0x38 ./Core/Src/app_freertos.o
                0x08000620                MX_FREERTOS_Init
 .text.StartDefaultTask
                0x08000658       0x10 ./Core/Src/app_freertos.o
                0x08000658                StartDefaultTask
 .text.ToggleLED
                0x08000668       0xac ./Core/Src/fonctions.o
                0x08000668                ToggleLED
 .text.spam     0x08000714       0x94 ./Core/Src/fonctions.o
                0x08000714                spam
 .text.fonction
                0x080007a8       0x4c ./Core/Src/fonctions.o
                0x080007a8                fonction
 .text.addition
                0x080007f4       0x60 ./Core/Src/fonctions.o
                0x080007f4                addition
 .text.HAL_GPIO_EXTI_Callback
                0x08000854       0x28 ./Core/Src/fonctions.o
                0x08000854                HAL_GPIO_EXTI_Callback
 .text.HAL_UART_RxCpltCallback
                0x0800087c       0x24 ./Core/Src/fonctions.o
                0x0800087c                HAL_UART_RxCpltCallback
 .text.MX_GPIO_Init
                0x080008a0       0xdc ./Core/Src/gpio.o
                0x080008a0                MX_GPIO_Init
 .text.__NVIC_SystemReset
                0x0800097c       0x2c ./Core/Src/main.o
 .text.main     0x080009a8      0x114 ./Core/Src/main.o
                0x080009a8                main
 .text.SystemClock_Config
                0x08000abc       0x96 ./Core/Src/main.o
                0x08000abc                SystemClock_Config
 .text.Error_Handler
                0x08000b52        0xc ./Core/Src/main.o
                0x08000b52                Error_Handler
 *fill*         0x08000b5e        0x2 
 .text.HAL_MspInit
                0x08000b60       0x54 ./Core/Src/stm32g4xx_hal_msp.o
                0x08000b60                HAL_MspInit
 .text.__io_putchar
                0x08000bb4       0x24 ./Core/Src/stm32g4xx_hal_msp.o
                0x08000bb4                __io_putchar
 .text.NMI_Handler
                0x08000bd8        0x8 ./Core/Src/stm32g4xx_it.o
                0x08000bd8                NMI_Handler
 .text.HardFault_Handler
                0x08000be0        0x8 ./Core/Src/stm32g4xx_it.o
                0x08000be0                HardFault_Handler
 .text.MemManage_Handler
                0x08000be8        0x8 ./Core/Src/stm32g4xx_it.o
                0x08000be8                MemManage_Handler
 .text.BusFault_Handler
                0x08000bf0        0x8 ./Core/Src/stm32g4xx_it.o
                0x08000bf0                BusFault_Handler
 .text.UsageFault_Handler
                0x08000bf8        0x8 ./Core/Src/stm32g4xx_it.o
                0x08000bf8                UsageFault_Handler
 .text.DebugMon_Handler
                0x08000c00        0xe ./Core/Src/stm32g4xx_it.o
                0x08000c00                DebugMon_Handler
 .text.SysTick_Handler
                0x08000c0e       0x1a ./Core/Src/stm32g4xx_it.o
                0x08000c0e                SysTick_Handler
 .text.USART2_IRQHandler
                0x08000c28       0x14 ./Core/Src/stm32g4xx_it.o
                0x08000c28                USART2_IRQHandler
 .text.EXTI15_10_IRQHandler
                0x08000c3c       0x10 ./Core/Src/stm32g4xx_it.o
                0x08000c3c                EXTI15_10_IRQHandler
 .text._read    0x08000c4c       0x3a ./Core/Src/syscalls.o
                0x08000c4c                _read
 .text._write   0x08000c86       0x38 ./Core/Src/syscalls.o
                0x08000c86                _write
 .text._close   0x08000cbe       0x18 ./Core/Src/syscalls.o
                0x08000cbe                _close
 .text._fstat   0x08000cd6       0x20 ./Core/Src/syscalls.o
                0x08000cd6                _fstat
 .text._isatty  0x08000cf6       0x16 ./Core/Src/syscalls.o
                0x08000cf6                _isatty
 .text._lseek   0x08000d0c       0x1a ./Core/Src/syscalls.o
                0x08000d0c                _lseek
 *fill*         0x08000d26        0x2 
 .text._sbrk    0x08000d28       0x6c ./Core/Src/sysmem.o
                0x08000d28                _sbrk
 .text.SystemInit
                0x08000d94       0x24 ./Core/Src/system_stm32g4xx.o
                0x08000d94                SystemInit
 .text.task_shell
                0x08000db8       0x60 ./Core/Src/task.o
                0x08000db8                task_shell
 .text.task_ToggleLED
                0x08000e18       0x38 ./Core/Src/task.o
                0x08000e18                task_ToggleLED
 .text.task_spam
                0x08000e50       0x60 ./Core/Src/task.o
                0x08000e50                task_spam
 .text.MX_USART2_UART_Init
                0x08000eb0       0x98 ./Core/Src/usart.o
                0x08000eb0                MX_USART2_UART_Init
 .text.HAL_UART_MspInit
                0x08000f48       0xc0 ./Core/Src/usart.o
                0x08000f48                HAL_UART_MspInit
 .text.Reset_Handler
                0x08001008       0x50 ./Core/Startup/startup_stm32g431rbtx.o
                0x08001008                Reset_Handler
 .text.Default_Handler
                0x08001058        0x2 ./Core/Startup/startup_stm32g431rbtx.o
                0x08001058                RTC_Alarm_IRQHandler
                0x08001058                EXTI2_IRQHandler
                0x08001058                TIM8_TRG_COM_IRQHandler
                0x08001058                TIM8_CC_IRQHandler
                0x08001058                TIM1_CC_IRQHandler
                0x08001058                USB_HP_IRQHandler
                0x08001058                CORDIC_IRQHandler
                0x08001058                EXTI3_IRQHandler
                0x08001058                I2C3_ER_IRQHandler
                0x08001058                EXTI0_IRQHandler
                0x08001058                I2C2_EV_IRQHandler
                0x08001058                FPU_IRQHandler
                0x08001058                FDCAN1_IT1_IRQHandler
                0x08001058                TIM1_UP_TIM16_IRQHandler
                0x08001058                ADC1_2_IRQHandler
                0x08001058                SPI1_IRQHandler
                0x08001058                TIM6_DAC_IRQHandler
                0x08001058                TIM8_UP_IRQHandler
                0x08001058                DMA2_Channel2_IRQHandler
                0x08001058                DMA1_Channel4_IRQHandler
                0x08001058                USART3_IRQHandler
                0x08001058                TIM4_IRQHandler
                0x08001058                DMA2_Channel1_IRQHandler
                0x08001058                I2C1_EV_IRQHandler
                0x08001058                DMA1_Channel6_IRQHandler
                0x08001058                UART4_IRQHandler
                0x08001058                DMA2_Channel4_IRQHandler
                0x08001058                TIM3_IRQHandler
                0x08001058                RCC_IRQHandler
                0x08001058                DMA1_Channel1_IRQHandler
                0x08001058                Default_Handler
                0x08001058                RTC_TAMP_LSECSS_IRQHandler
                0x08001058                FMAC_IRQHandler
                0x08001058                TIM7_IRQHandler
                0x08001058                UCPD1_IRQHandler
                0x08001058                I2C3_EV_IRQHandler
                0x08001058                EXTI9_5_IRQHandler
                0x08001058                RTC_WKUP_IRQHandler
                0x08001058                PVD_PVM_IRQHandler
                0x08001058                SPI2_IRQHandler
                0x08001058                DMA2_Channel5_IRQHandler
                0x08001058                CRS_IRQHandler
                0x08001058                DMA1_Channel5_IRQHandler
                0x08001058                USB_LP_IRQHandler
                0x08001058                EXTI4_IRQHandler
                0x08001058                RNG_IRQHandler
                0x08001058                TIM1_TRG_COM_TIM17_IRQHandler
                0x08001058                DMA1_Channel3_IRQHandler
                0x08001058                WWDG_IRQHandler
                0x08001058                LPUART1_IRQHandler
                0x08001058                DMA2_Channel6_IRQHandler
                0x08001058                FDCAN1_IT0_IRQHandler
                0x08001058                TIM2_IRQHandler
                0x08001058                COMP1_2_3_IRQHandler
                0x08001058                EXTI1_IRQHandler
                0x08001058                I2C2_ER_IRQHandler
                0x08001058                DMA1_Channel2_IRQHandler
                0x08001058                TIM8_BRK_IRQHandler
                0x08001058                FLASH_IRQHandler
                0x08001058                USART1_IRQHandler
                0x08001058                SPI3_IRQHandler
                0x08001058                I2C1_ER_IRQHandler
                0x08001058                LPTIM1_IRQHandler
                0x08001058                DMAMUX_OVR_IRQHandler
                0x08001058                USBWakeUp_IRQHandler
                0x08001058                SAI1_IRQHandler
                0x08001058                DMA2_Channel3_IRQHandler
                0x08001058                COMP4_IRQHandler
                0x08001058                TIM1_BRK_TIM15_IRQHandler
 .text.HAL_Init
                0x0800105a       0x30 ./Drivers/STM32G4xx_HAL_Driver/Src/stm32g4xx_hal.o
                0x0800105a                HAL_Init
 *fill*         0x0800108a        0x2 
 .text.HAL_InitTick
                0x0800108c       0x74 ./Drivers/STM32G4xx_HAL_Driver/Src/stm32g4xx_hal.o
                0x0800108c                HAL_InitTick
 .text.HAL_IncTick
                0x08001100       0x24 ./Drivers/STM32G4xx_HAL_Driver/Src/stm32g4xx_hal.o
                0x08001100                HAL_IncTick
 .text.HAL_GetTick
                0x08001124       0x18 ./Drivers/STM32G4xx_HAL_Driver/Src/stm32g4xx_hal.o
                0x08001124                HAL_GetTick
 .text.__NVIC_SetPriorityGrouping
                0x0800113c       0x48 ./Drivers/STM32G4xx_HAL_Driver/Src/stm32g4xx_hal_cortex.o
 .text.__NVIC_GetPriorityGrouping
                0x08001184       0x1c ./Drivers/STM32G4xx_HAL_Driver/Src/stm32g4xx_hal_cortex.o
 .text.__NVIC_EnableIRQ
                0x080011a0       0x3c ./Drivers/STM32G4xx_HAL_Driver/Src/stm32g4xx_hal_cortex.o
 .text.__NVIC_SetPriority
                0x080011dc       0x54 ./Drivers/STM32G4xx_HAL_Driver/Src/stm32g4xx_hal_cortex.o
 .text.NVIC_EncodePriority
                0x08001230       0x66 ./Drivers/STM32G4xx_HAL_Driver/Src/stm32g4xx_hal_cortex.o
 *fill*         0x08001296        0x2 
 .text.SysTick_Config
                0x08001298       0x44 ./Drivers/STM32G4xx_HAL_Driver/Src/stm32g4xx_hal_cortex.o
 .text.HAL_NVIC_SetPriorityGrouping
                0x080012dc       0x16 ./Drivers/STM32G4xx_HAL_Driver/Src/stm32g4xx_hal_cortex.o
                0x080012dc                HAL_NVIC_SetPriorityGrouping
 .text.HAL_NVIC_SetPriority
                0x080012f2       0x34 ./Drivers/STM32G4xx_HAL_Driver/Src/stm32g4xx_hal_cortex.o
                0x080012f2                HAL_NVIC_SetPriority
 .text.HAL_NVIC_EnableIRQ
                0x08001326       0x1c ./Drivers/STM32G4xx_HAL_Driver/Src/stm32g4xx_hal_cortex.o
                0x08001326                HAL_NVIC_EnableIRQ
 .text.HAL_SYSTICK_Config
                0x08001342       0x18 ./Drivers/STM32G4xx_HAL_Driver/Src/stm32g4xx_hal_cortex.o
                0x08001342                HAL_SYSTICK_Config
 .text.HAL_DMA_Abort
                0x0800135a       0xb2 ./Drivers/STM32G4xx_HAL_Driver/Src/stm32g4xx_hal_dma.o
                0x0800135a                HAL_DMA_Abort
 .text.HAL_DMA_Abort_IT
                0x0800140c       0xce ./Drivers/STM32G4xx_HAL_Driver/Src/stm32g4xx_hal_dma.o
                0x0800140c                HAL_DMA_Abort_IT
 *fill*         0x080014da        0x2 
 .text.HAL_GPIO_Init
                0x080014dc      0x304 ./Drivers/STM32G4xx_HAL_Driver/Src/stm32g4xx_hal_gpio.o
                0x080014dc                HAL_GPIO_Init
 .text.HAL_GPIO_WritePin
                0x080017e0       0x30 ./Drivers/STM32G4xx_HAL_Driver/Src/stm32g4xx_hal_gpio.o
                0x080017e0                HAL_GPIO_WritePin
 .text.HAL_GPIO_TogglePin
                0x08001810       0x34 ./Drivers/STM32G4xx_HAL_Driver/Src/stm32g4xx_hal_gpio.o
                0x08001810                HAL_GPIO_TogglePin
 .text.HAL_GPIO_EXTI_IRQHandler
                0x08001844       0x30 ./Drivers/STM32G4xx_HAL_Driver/Src/stm32g4xx_hal_gpio.o
                0x08001844                HAL_GPIO_EXTI_IRQHandler
 .text.HAL_PWREx_ControlVoltageScaling
                0x08001874      0x148 ./Drivers/STM32G4xx_HAL_Driver/Src/stm32g4xx_hal_pwr_ex.o
                0x08001874                HAL_PWREx_ControlVoltageScaling
 .text.HAL_PWREx_DisableUCPDDeadBattery
                0x080019bc       0x20 ./Drivers/STM32G4xx_HAL_Driver/Src/stm32g4xx_hal_pwr_ex.o
                0x080019bc                HAL_PWREx_DisableUCPDDeadBattery
 .text.HAL_RCC_OscConfig
                0x080019dc      0x624 ./Drivers/STM32G4xx_HAL_Driver/Src/stm32g4xx_hal_rcc.o
                0x080019dc                HAL_RCC_OscConfig
 .text.HAL_RCC_ClockConfig
                0x08002000      0x278 ./Drivers/STM32G4xx_HAL_Driver/Src/stm32g4xx_hal_rcc.o
                0x08002000                HAL_RCC_ClockConfig
 .text.HAL_RCC_GetSysClockFreq
                0x08002278       0xc4 ./Drivers/STM32G4xx_HAL_Driver/Src/stm32g4xx_hal_rcc.o
                0x08002278                HAL_RCC_GetSysClockFreq
 .text.HAL_RCC_GetHCLKFreq
                0x0800233c       0x18 ./Drivers/STM32G4xx_HAL_Driver/Src/stm32g4xx_hal_rcc.o
                0x0800233c                HAL_RCC_GetHCLKFreq
 .text.HAL_RCC_GetPCLK1Freq
                0x08002354       0x2c ./Drivers/STM32G4xx_HAL_Driver/Src/stm32g4xx_hal_rcc.o
                0x08002354                HAL_RCC_GetPCLK1Freq
 .text.HAL_RCC_GetPCLK2Freq
                0x08002380       0x2c ./Drivers/STM32G4xx_HAL_Driver/Src/stm32g4xx_hal_rcc.o
                0x08002380                HAL_RCC_GetPCLK2Freq
 .text.RCC_GetSysClockFreqFromPLLSource
                0x080023ac       0x8c ./Drivers/STM32G4xx_HAL_Driver/Src/stm32g4xx_hal_rcc.o
 .text.HAL_RCCEx_PeriphCLKConfig
                0x08002438      0x3e0 ./Drivers/STM32G4xx_HAL_Driver/Src/stm32g4xx_hal_rcc_ex.o
                0x08002438                HAL_RCCEx_PeriphCLKConfig
 .text.HAL_UART_Init
                0x08002818       0xa0 ./Drivers/STM32G4xx_HAL_Driver/Src/stm32g4xx_hal_uart.o
                0x08002818                HAL_UART_Init
 .text.HAL_UART_Transmit
                0x080028b8      0x11c ./Drivers/STM32G4xx_HAL_Driver/Src/stm32g4xx_hal_uart.o
                0x080028b8                HAL_UART_Transmit
 .text.HAL_UART_Receive_IT
                0x080029d4       0x98 ./Drivers/STM32G4xx_HAL_Driver/Src/stm32g4xx_hal_uart.o
                0x080029d4                HAL_UART_Receive_IT
 .text.HAL_UART_IRQHandler
                0x08002a6c      0x684 ./Drivers/STM32G4xx_HAL_Driver/Src/stm32g4xx_hal_uart.o
                0x08002a6c                HAL_UART_IRQHandler
 .text.HAL_UART_TxCpltCallback
                0x080030f0       0x14 ./Drivers/STM32G4xx_HAL_Driver/Src/stm32g4xx_hal_uart.o
                0x080030f0                HAL_UART_TxCpltCallback
 .text.HAL_UART_ErrorCallback
                0x08003104       0x14 ./Drivers/STM32G4xx_HAL_Driver/Src/stm32g4xx_hal_uart.o
                0x08003104                HAL_UART_ErrorCallback
 .text.HAL_UARTEx_RxEventCallback
                0x08003118       0x18 ./Drivers/STM32G4xx_HAL_Driver/Src/stm32g4xx_hal_uart.o
                0x08003118                HAL_UARTEx_RxEventCallback
 .text.UART_SetConfig
                0x08003130      0x598 ./Drivers/STM32G4xx_HAL_Driver/Src/stm32g4xx_hal_uart.o
                0x08003130                UART_SetConfig
 .text.UART_AdvFeatureConfig
                0x080036c8      0x144 ./Drivers/STM32G4xx_HAL_Driver/Src/stm32g4xx_hal_uart.o
                0x080036c8                UART_AdvFeatureConfig
 .text.UART_CheckIdleState
                0x0800380c      0x154 ./Drivers/STM32G4xx_HAL_Driver/Src/stm32g4xx_hal_uart.o
                0x0800380c                UART_CheckIdleState
 .text.UART_WaitOnFlagUntilTimeout
                0x08003960       0xda ./Drivers/STM32G4xx_HAL_Driver/Src/stm32g4xx_hal_uart.o
                0x08003960                UART_WaitOnFlagUntilTimeout
 *fill*         0x08003a3a        0x2 
 .text.UART_Start_Receive_IT
                0x08003a3c      0x244 ./Drivers/STM32G4xx_HAL_Driver/Src/stm32g4xx_hal_uart.o
                0x08003a3c                UART_Start_Receive_IT
 .text.UART_EndRxTransfer
                0x08003c80       0xcc ./Drivers/STM32G4xx_HAL_Driver/Src/stm32g4xx_hal_uart.o
 .text.UART_DMAAbortOnError
                0x08003d4c       0x24 ./Drivers/STM32G4xx_HAL_Driver/Src/stm32g4xx_hal_uart.o
 .text.UART_EndTransmit_IT
                0x08003d70       0x56 ./Drivers/STM32G4xx_HAL_Driver/Src/stm32g4xx_hal_uart.o
 *fill*         0x08003dc6        0x2 
 .text.UART_RxISR_8BIT
                0x08003dc8      0x1b8 ./Drivers/STM32G4xx_HAL_Driver/Src/stm32g4xx_hal_uart.o
 .text.UART_RxISR_16BIT
                0x08003f80      0x1b8 ./Drivers/STM32G4xx_HAL_Driver/Src/stm32g4xx_hal_uart.o
 .text.UART_RxISR_8BIT_FIFOEN
                0x08004138      0x364 ./Drivers/STM32G4xx_HAL_Driver/Src/stm32g4xx_hal_uart.o
 .text.UART_RxISR_16BIT_FIFOEN
                0x0800449c      0x36c ./Drivers/STM32G4xx_HAL_Driver/Src/stm32g4xx_hal_uart.o
 .text.HAL_UARTEx_WakeupCallback
                0x08004808       0x14 ./Drivers/STM32G4xx_HAL_Driver/Src/stm32g4xx_hal_uart_ex.o
                0x08004808                HAL_UARTEx_WakeupCallback
 .text.HAL_UARTEx_RxFifoFullCallback
                0x0800481c       0x14 ./Drivers/STM32G4xx_HAL_Driver/Src/stm32g4xx_hal_uart_ex.o
                0x0800481c                HAL_UARTEx_RxFifoFullCallback
 .text.HAL_UARTEx_TxFifoEmptyCallback
                0x08004830       0x14 ./Drivers/STM32G4xx_HAL_Driver/Src/stm32g4xx_hal_uart_ex.o
                0x08004830                HAL_UARTEx_TxFifoEmptyCallback
 .text.HAL_UARTEx_DisableFifoMode
                0x08004844       0x72 ./Drivers/STM32G4xx_HAL_Driver/Src/stm32g4xx_hal_uart_ex.o
                0x08004844                HAL_UARTEx_DisableFifoMode
 .text.HAL_UARTEx_SetTxFifoThreshold
                0x080048b6       0x7c ./Drivers/STM32G4xx_HAL_Driver/Src/stm32g4xx_hal_uart_ex.o
                0x080048b6                HAL_UARTEx_SetTxFifoThreshold
 .text.HAL_UARTEx_SetRxFifoThreshold
                0x08004932       0x7c ./Drivers/STM32G4xx_HAL_Driver/Src/stm32g4xx_hal_uart_ex.o
                0x08004932                HAL_UARTEx_SetRxFifoThreshold
 *fill*         0x080049ae        0x2 
 .text.UARTEx_SetNbDataToProcess
                0x080049b0       0x9c ./Drivers/STM32G4xx_HAL_Driver/Src/stm32g4xx_hal_uart_ex.o
 .text.makeFreeRtosPriority
                0x08004a4c       0x30 ./Middlewares/Third_Party/FreeRTOS/Source/CMSIS_RTOS/cmsis_os.o
 .text.osKernelStart
                0x08004a7c        0xe ./Middlewares/Third_Party/FreeRTOS/Source/CMSIS_RTOS/cmsis_os.o
                0x08004a7c                osKernelStart
 .text.osThreadCreate
                0x08004a8a       0x98 ./Middlewares/Third_Party/FreeRTOS/Source/CMSIS_RTOS/cmsis_os.o
                0x08004a8a                osThreadCreate
 .text.osDelay  0x08004b22       0x28 ./Middlewares/Third_Party/FreeRTOS/Source/CMSIS_RTOS/cmsis_os.o
                0x08004b22                osDelay
 .text.vListInitialise
                0x08004b4a       0x40 ./Middlewares/Third_Party/FreeRTOS/Source/list.o
                0x08004b4a                vListInitialise
 .text.vListInitialiseItem
                0x08004b8a       0x1a ./Middlewares/Third_Party/FreeRTOS/Source/list.o
                0x08004b8a                vListInitialiseItem
 .text.vListInsertEnd
                0x08004ba4       0x48 ./Middlewares/Third_Party/FreeRTOS/Source/list.o
                0x08004ba4                vListInsertEnd
 .text.vListInsert
                0x08004bec       0x72 ./Middlewares/Third_Party/FreeRTOS/Source/list.o
                0x08004bec                vListInsert
 .text.uxListRemove
                0x08004c5e       0x54 ./Middlewares/Third_Party/FreeRTOS/Source/list.o
                0x08004c5e                uxListRemove
 *fill*         0x08004cb2        0x2 
 .text.xQueueGenericReset
                0x08004cb4       0xd4 ./Middlewares/Third_Party/FreeRTOS/Source/queue.o
                0x08004cb4                xQueueGenericReset
 .text.xQueueGenericCreate
                0x08004d88       0x76 ./Middlewares/Third_Party/FreeRTOS/Source/queue.o
                0x08004d88                xQueueGenericCreate
 .text.prvInitialiseNewQueue
                0x08004dfe       0x3e ./Middlewares/Third_Party/FreeRTOS/Source/queue.o
 .text.prvInitialiseMutex
                0x08004e3c       0x34 ./Middlewares/Third_Party/FreeRTOS/Source/queue.o
 .text.xQueueCreateMutex
                0x08004e70       0x30 ./Middlewares/Third_Party/FreeRTOS/Source/queue.o
                0x08004e70                xQueueCreateMutex
 .text.xQueueGenericSend
                0x08004ea0      0x204 ./Middlewares/Third_Party/FreeRTOS/Source/queue.o
                0x08004ea0                xQueueGenericSend
 .text.xQueueGiveFromISR
                0x080050a4      0x120 ./Middlewares/Third_Party/FreeRTOS/Source/queue.o
                0x080050a4                xQueueGiveFromISR
 .text.xQueueSemaphoreTake
                0x080051c4      0x220 ./Middlewares/Third_Party/FreeRTOS/Source/queue.o
                0x080051c4                xQueueSemaphoreTake
 .text.prvGetDisinheritPriorityAfterTimeout
                0x080053e4       0x30 ./Middlewares/Third_Party/FreeRTOS/Source/queue.o
 .text.prvCopyDataToQueue
                0x08005414       0xd4 ./Middlewares/Third_Party/FreeRTOS/Source/queue.o
 .text.prvUnlockQueue
                0x080054e8       0xa4 ./Middlewares/Third_Party/FreeRTOS/Source/queue.o
 .text.prvIsQueueEmpty
                0x0800558c       0x2c ./Middlewares/Third_Party/FreeRTOS/Source/queue.o
 .text.prvIsQueueFull
                0x080055b8       0x30 ./Middlewares/Third_Party/FreeRTOS/Source/queue.o
 .text.xTaskCreateStatic
                0x080055e8       0xc0 ./Middlewares/Third_Party/FreeRTOS/Source/tasks.o
                0x080055e8                xTaskCreateStatic
 .text.xTaskCreate
                0x080056a8       0x8a ./Middlewares/Third_Party/FreeRTOS/Source/tasks.o
                0x080056a8                xTaskCreate
 .text.prvInitialiseNewTask
                0x08005732      0x110 ./Middlewares/Third_Party/FreeRTOS/Source/tasks.o
 *fill*         0x08005842        0x2 
 .text.prvAddNewTaskToReadyList
                0x08005844       0xd4 ./Middlewares/Third_Party/FreeRTOS/Source/tasks.o
 .text.vTaskDelay
                0x08005918       0x6c ./Middlewares/Third_Party/FreeRTOS/Source/tasks.o
                0x08005918                vTaskDelay
 .text.vTaskSuspend
                0x08005984      0x128 ./Middlewares/Third_Party/FreeRTOS/Source/tasks.o
                0x08005984                vTaskSuspend
 .text.prvTaskIsTaskSuspended
                0x08005aac       0x64 ./Middlewares/Third_Party/FreeRTOS/Source/tasks.o
 .text.vTaskResume
                0x08005b10       0xbc ./Middlewares/Third_Party/FreeRTOS/Source/tasks.o
                0x08005b10                vTaskResume
 .text.vTaskStartScheduler
                0x08005bcc       0xc4 ./Middlewares/Third_Party/FreeRTOS/Source/tasks.o
                0x08005bcc                vTaskStartScheduler
 .text.vTaskSuspendAll
                0x08005c90       0x1c ./Middlewares/Third_Party/FreeRTOS/Source/tasks.o
                0x08005c90                vTaskSuspendAll
 .text.xTaskResumeAll
                0x08005cac      0x13c ./Middlewares/Third_Party/FreeRTOS/Source/tasks.o
                0x08005cac                xTaskResumeAll
 .text.xTaskIncrementTick
                0x08005de8      0x174 ./Middlewares/Third_Party/FreeRTOS/Source/tasks.o
                0x08005de8                xTaskIncrementTick
 .text.vTaskSwitchContext
                0x08005f5c       0xb8 ./Middlewares/Third_Party/FreeRTOS/Source/tasks.o
                0x08005f5c                vTaskSwitchContext
 .text.vTaskPlaceOnEventList
                0x08006014       0x4c ./Middlewares/Third_Party/FreeRTOS/Source/tasks.o
                0x08006014                vTaskPlaceOnEventList
 .text.xTaskRemoveFromEventList
                0x08006060       0xc8 ./Middlewares/Third_Party/FreeRTOS/Source/tasks.o
                0x08006060                xTaskRemoveFromEventList
 .text.vTaskInternalSetTimeOutState
                0x08006128       0x2c ./Middlewares/Third_Party/FreeRTOS/Source/tasks.o
                0x08006128                vTaskInternalSetTimeOutState
 .text.xTaskCheckForTimeOut
                0x08006154       0xc8 ./Middlewares/Third_Party/FreeRTOS/Source/tasks.o
                0x08006154                xTaskCheckForTimeOut
 .text.vTaskMissedYield
                0x0800621c       0x18 ./Middlewares/Third_Party/FreeRTOS/Source/tasks.o
                0x0800621c                vTaskMissedYield
 .text.prvIdleTask
                0x08006234       0x30 ./Middlewares/Third_Party/FreeRTOS/Source/tasks.o
 .text.prvInitialiseTaskLists
                0x08006264       0x80 ./Middlewares/Third_Party/FreeRTOS/Source/tasks.o
 .text.prvCheckTasksWaitingTermination
                0x080062e4       0x5c ./Middlewares/Third_Party/FreeRTOS/Source/tasks.o
 .text.prvDeleteTCB
                0x08006340       0x60 ./Middlewares/Third_Party/FreeRTOS/Source/tasks.o
 .text.prvResetNextTaskUnblockTime
                0x080063a0       0x40 ./Middlewares/Third_Party/FreeRTOS/Source/tasks.o
 .text.xTaskGetSchedulerState
                0x080063e0       0x3c ./Middlewares/Third_Party/FreeRTOS/Source/tasks.o
                0x080063e0                xTaskGetSchedulerState
 .text.xTaskPriorityInherit
                0x0800641c       0xec ./Middlewares/Third_Party/FreeRTOS/Source/tasks.o
                0x0800641c                xTaskPriorityInherit
 .text.xTaskPriorityDisinherit
                0x08006508      0x110 ./Middlewares/Third_Party/FreeRTOS/Source/tasks.o
                0x08006508                xTaskPriorityDisinherit
 .text.vTaskPriorityDisinheritAfterTimeout
                0x08006618      0x120 ./Middlewares/Third_Party/FreeRTOS/Source/tasks.o
                0x08006618                vTaskPriorityDisinheritAfterTimeout
 .text.pvTaskIncrementMutexHeldCount
                0x08006738       0x28 ./Middlewares/Third_Party/FreeRTOS/Source/tasks.o
                0x08006738                pvTaskIncrementMutexHeldCount
 .text.prvAddCurrentTaskToDelayedList
                0x08006760       0xcc ./Middlewares/Third_Party/FreeRTOS/Source/tasks.o
 .text.pxPortInitialiseStack
                0x0800682c       0x68 ./Middlewares/Third_Party/FreeRTOS/Source/portable/GCC/ARM_CM4F/port.o
                0x0800682c                pxPortInitialiseStack
 .text.prvTaskExitError
                0x08006894       0x5c ./Middlewares/Third_Party/FreeRTOS/Source/portable/GCC/ARM_CM4F/port.o
 .text.SVC_Handler
                0x080068f0       0x28 ./Middlewares/Third_Party/FreeRTOS/Source/portable/GCC/ARM_CM4F/port.o
                0x080068f0                SVC_Handler
 .text.prvPortStartFirstTask
                0x08006918       0x28 ./Middlewares/Third_Party/FreeRTOS/Source/portable/GCC/ARM_CM4F/port.o
 .text.xPortStartScheduler
                0x08006940      0x16c ./Middlewares/Third_Party/FreeRTOS/Source/portable/GCC/ARM_CM4F/port.o
                0x08006940                xPortStartScheduler
 .text.vPortEnterCritical
                0x08006aac       0x64 ./Middlewares/Third_Party/FreeRTOS/Source/portable/GCC/ARM_CM4F/port.o
                0x08006aac                vPortEnterCritical
 .text.vPortExitCritical
                0x08006b10       0x54 ./Middlewares/Third_Party/FreeRTOS/Source/portable/GCC/ARM_CM4F/port.o
                0x08006b10                vPortExitCritical
 *fill*         0x08006b64        0xc 
 .text.PendSV_Handler
                0x08006b70       0x68 ./Middlewares/Third_Party/FreeRTOS/Source/portable/GCC/ARM_CM4F/port.o
                0x08006b70                PendSV_Handler
 .text.xPortSysTickHandler
                0x08006bd8       0x44 ./Middlewares/Third_Party/FreeRTOS/Source/portable/GCC/ARM_CM4F/port.o
                0x08006bd8                xPortSysTickHandler
 .text.vPortSetupTimerInterrupt
                0x08006c1c       0x48 ./Middlewares/Third_Party/FreeRTOS/Source/portable/GCC/ARM_CM4F/port.o
                0x08006c1c                vPortSetupTimerInterrupt
 .text.vPortEnableVFP
                0x08006c64       0x14 ./Middlewares/Third_Party/FreeRTOS/Source/portable/GCC/ARM_CM4F/port.o
 .text.vPortValidateInterruptPriority
                0x08006c78       0x84 ./Middlewares/Third_Party/FreeRTOS/Source/portable/GCC/ARM_CM4F/port.o
                0x08006c78                vPortValidateInterruptPriority
 .text.pvPortMalloc
                0x08006cfc      0x19c ./Middlewares/Third_Party/FreeRTOS/Source/portable/MemMang/heap_4.o
                0x08006cfc                pvPortMalloc
 .text.vPortFree
                0x08006e98       0xc8 ./Middlewares/Third_Party/FreeRTOS/Source/portable/MemMang/heap_4.o
                0x08006e98                vPortFree
 .text.prvHeapInit
                0x08006f60       0xc4 ./Middlewares/Third_Party/FreeRTOS/Source/portable/MemMang/heap_4.o
 .text.prvInsertBlockIntoFreeList
                0x08007024       0xb4 ./Middlewares/Third_Party/FreeRTOS/Source/portable/MemMang/heap_4.o
 .text.uart_read
                0x080070d8       0x34 ./Shell/shell.o
 .text.uart_write
                0x0800710c       0x28 ./Shell/shell.o
 .text.sh_help  0x08007134       0x7c ./Shell/shell.o
 .text.shell_init
                0x080071b0       0x58 ./Shell/shell.o
                0x080071b0                shell_init
 .text.shell_add
                0x08007208       0x7c ./Shell/shell.o
                0x08007208                shell_add
 .text.shell_exec
                0x08007284       0xdc ./Shell/shell.o
 .text.shell_run
                0x08007360       0xd4 ./Shell/shell.o
                0x08007360                shell_run
 .text.shell_uart_rx_callback
                0x08007434       0x3c ./Shell/shell.o
                0x08007434                shell_uart_rx_callback
 .text.atoi     0x08007470        0x8 C:/ST/STM32CubeIDE_1.19.0/STM32CubeIDE/plugins/com.st.stm32cube.ide.mcu.externaltools.gnu-tools-for-stm32.13.3.rel1.win32_1.0.0.202411081344/tools/bin/../lib/gcc/arm-none-eabi/13.3.1/../../../../arm-none-eabi/lib/thumb/v7e-m+fp/hard\libc_nano.a(libc_a-atoi.o)
                0x08007470                atoi
 .text._strtol_l.isra.0
                0x08007478       0xf4 C:/ST/STM32CubeIDE_1.19.0/STM32CubeIDE/plugins/com.st.stm32cube.ide.mcu.externaltools.gnu-tools-for-stm32.13.3.rel1.win32_1.0.0.202411081344/tools/bin/../lib/gcc/arm-none-eabi/13.3.1/../../../../arm-none-eabi/lib/thumb/v7e-m+fp/hard\libc_nano.a(libc_a-strtol.o)
 .text.strtol   0x0800756c       0x14 C:/ST/STM32CubeIDE_1.19.0/STM32CubeIDE/plugins/com.st.stm32cube.ide.mcu.externaltools.gnu-tools-for-stm32.13.3.rel1.win32_1.0.0.202411081344/tools/bin/../lib/gcc/arm-none-eabi/13.3.1/../../../../arm-none-eabi/lib/thumb/v7e-m+fp/hard\libc_nano.a(libc_a-strtol.o)
                0x0800756c                strtol
 .text.std      0x08007580       0x6c C:/ST/STM32CubeIDE_1.19.0/STM32CubeIDE/plugins/com.st.stm32cube.ide.mcu.externaltools.gnu-tools-for-stm32.13.3.rel1.win32_1.0.0.202411081344/tools/bin/../lib/gcc/arm-none-eabi/13.3.1/../../../../arm-none-eabi/lib/thumb/v7e-m+fp/hard\libc_nano.a(libc_a-findfp.o)
 .text.stdio_exit_handler
                0x080075ec       0x18 C:/ST/STM32CubeIDE_1.19.0/STM32CubeIDE/plugins/com.st.stm32cube.ide.mcu.externaltools.gnu-tools-for-stm32.13.3.rel1.win32_1.0.0.202411081344/tools/bin/../lib/gcc/arm-none-eabi/13.3.1/../../../../arm-none-eabi/lib/thumb/v7e-m+fp/hard\libc_nano.a(libc_a-findfp.o)
 .text.cleanup_stdio
                0x08007604       0x40 C:/ST/STM32CubeIDE_1.19.0/STM32CubeIDE/plugins/com.st.stm32cube.ide.mcu.externaltools.gnu-tools-for-stm32.13.3.rel1.win32_1.0.0.202411081344/tools/bin/../lib/gcc/arm-none-eabi/13.3.1/../../../../arm-none-eabi/lib/thumb/v7e-m+fp/hard\libc_nano.a(libc_a-findfp.o)
 .text.global_stdio_init.part.0
                0x08007644       0x3c C:/ST/STM32CubeIDE_1.19.0/STM32CubeIDE/plugins/com.st.stm32cube.ide.mcu.externaltools.gnu-tools-for-stm32.13.3.rel1.win32_1.0.0.202411081344/tools/bin/../lib/gcc/arm-none-eabi/13.3.1/../../../../arm-none-eabi/lib/thumb/v7e-m+fp/hard\libc_nano.a(libc_a-findfp.o)
 .text.__sfp_lock_acquire
                0x08007680        0xc C:/ST/STM32CubeIDE_1.19.0/STM32CubeIDE/plugins/com.st.stm32cube.ide.mcu.externaltools.gnu-tools-for-stm32.13.3.rel1.win32_1.0.0.202411081344/tools/bin/../lib/gcc/arm-none-eabi/13.3.1/../../../../arm-none-eabi/lib/thumb/v7e-m+fp/hard\libc_nano.a(libc_a-findfp.o)
                0x08007680                __sfp_lock_acquire
 .text.__sfp_lock_release
                0x0800768c        0xc C:/ST/STM32CubeIDE_1.19.0/STM32CubeIDE/plugins/com.st.stm32cube.ide.mcu.externaltools.gnu-tools-for-stm32.13.3.rel1.win32_1.0.0.202411081344/tools/bin/../lib/gcc/arm-none-eabi/13.3.1/../../../../arm-none-eabi/lib/thumb/v7e-m+fp/hard\libc_nano.a(libc_a-findfp.o)
                0x0800768c                __sfp_lock_release
 .text.__sinit  0x08007698       0x30 C:/ST/STM32CubeIDE_1.19.0/STM32CubeIDE/plugins/com.st.stm32cube.ide.mcu.externaltools.gnu-tools-for-stm32.13.3.rel1.win32_1.0.0.202411081344/tools/bin/../lib/gcc/arm-none-eabi/13.3.1/../../../../arm-none-eabi/lib/thumb/v7e-m+fp/hard\libc_nano.a(libc_a-findfp.o)
                0x08007698                __sinit
 .text._fwalk_sglue
                0x080076c8       0x3c C:/ST/STM32CubeIDE_1.19.0/STM32CubeIDE/plugins/com.st.stm32cube.ide.mcu.externaltools.gnu-tools-for-stm32.13.3.rel1.win32_1.0.0.202411081344/tools/bin/../lib/gcc/arm-none-eabi/13.3.1/../../../../arm-none-eabi/lib/thumb/v7e-m+fp/hard\libc_nano.a(libc_a-fwalk.o)
                0x080076c8                _fwalk_sglue
 .text.printf   0x08007704       0x24 C:/ST/STM32CubeIDE_1.19.0/STM32CubeIDE/plugins/com.st.stm32cube.ide.mcu.externaltools.gnu-tools-for-stm32.13.3.rel1.win32_1.0.0.202411081344/tools/bin/../lib/gcc/arm-none-eabi/13.3.1/../../../../arm-none-eabi/lib/thumb/v7e-m+fp/hard\libc_nano.a(libc_a-printf.o)
                0x08007704                iprintf
                0x08007704                printf
 .text._puts_r  0x08007728       0xaa C:/ST/STM32CubeIDE_1.19.0/STM32CubeIDE/plugins/com.st.stm32cube.ide.mcu.externaltools.gnu-tools-for-stm32.13.3.rel1.win32_1.0.0.202411081344/tools/bin/../lib/gcc/arm-none-eabi/13.3.1/../../../../arm-none-eabi/lib/thumb/v7e-m+fp/hard\libc_nano.a(libc_a-puts.o)
                0x08007728                _puts_r
 *fill*         0x080077d2        0x2 
 .text.puts     0x080077d4       0x10 C:/ST/STM32CubeIDE_1.19.0/STM32CubeIDE/plugins/com.st.stm32cube.ide.mcu.externaltools.gnu-tools-for-stm32.13.3.rel1.win32_1.0.0.202411081344/tools/bin/../lib/gcc/arm-none-eabi/13.3.1/../../../../arm-none-eabi/lib/thumb/v7e-m+fp/hard\libc_nano.a(libc_a-puts.o)
                0x080077d4                puts
 .text.snprintf
                0x080077e4       0x6c C:/ST/STM32CubeIDE_1.19.0/STM32CubeIDE/plugins/com.st.stm32cube.ide.mcu.externaltools.gnu-tools-for-stm32.13.3.rel1.win32_1.0.0.202411081344/tools/bin/../lib/gcc/arm-none-eabi/13.3.1/../../../../arm-none-eabi/lib/thumb/v7e-m+fp/hard\libc_nano.a(libc_a-snprintf.o)
                0x080077e4                sniprintf
                0x080077e4                snprintf
 .text.__sread  0x08007850       0x22 C:/ST/STM32CubeIDE_1.19.0/STM32CubeIDE/plugins/com.st.stm32cube.ide.mcu.externaltools.gnu-tools-for-stm32.13.3.rel1.win32_1.0.0.202411081344/tools/bin/../lib/gcc/arm-none-eabi/13.3.1/../../../../arm-none-eabi/lib/thumb/v7e-m+fp/hard\libc_nano.a(libc_a-stdio.o)
                0x08007850                __sread
 .text.__swrite
                0x08007872       0x38 C:/ST/STM32CubeIDE_1.19.0/STM32CubeIDE/plugins/com.st.stm32cube.ide.mcu.externaltools.gnu-tools-for-stm32.13.3.rel1.win32_1.0.0.202411081344/tools/bin/../lib/gcc/arm-none-eabi/13.3.1/../../../../arm-none-eabi/lib/thumb/v7e-m+fp/hard\libc_nano.a(libc_a-stdio.o)
                0x08007872                __swrite
 .text.__sseek  0x080078aa       0x24 C:/ST/STM32CubeIDE_1.19.0/STM32CubeIDE/plugins/com.st.stm32cube.ide.mcu.externaltools.gnu-tools-for-stm32.13.3.rel1.win32_1.0.0.202411081344/tools/bin/../lib/gcc/arm-none-eabi/13.3.1/../../../../arm-none-eabi/lib/thumb/v7e-m+fp/hard\libc_nano.a(libc_a-stdio.o)
                0x080078aa                __sseek
 .text.__sclose
                0x080078ce        0x8 C:/ST/STM32CubeIDE_1.19.0/STM32CubeIDE/plugins/com.st.stm32cube.ide.mcu.externaltools.gnu-tools-for-stm32.13.3.rel1.win32_1.0.0.202411081344/tools/bin/../lib/gcc/arm-none-eabi/13.3.1/../../../../arm-none-eabi/lib/thumb/v7e-m+fp/hard\libc_nano.a(libc_a-stdio.o)
                0x080078ce                __sclose
 .text.__swbuf_r
                0x080078d6       0x7c C:/ST/STM32CubeIDE_1.19.0/STM32CubeIDE/plugins/com.st.stm32cube.ide.mcu.externaltools.gnu-tools-for-stm32.13.3.rel1.win32_1.0.0.202411081344/tools/bin/../lib/gcc/arm-none-eabi/13.3.1/../../../../arm-none-eabi/lib/thumb/v7e-m+fp/hard\libc_nano.a(libc_a-wbuf.o)
                0x080078d6                __swbuf_r
 *fill*         0x08007952        0x2 
 .text.__swsetup_r
                0x08007954       0xac C:/ST/STM32CubeIDE_1.19.0/STM32CubeIDE/plugins/com.st.stm32cube.ide.mcu.externaltools.gnu-tools-for-stm32.13.3.rel1.win32_1.0.0.202411081344/tools/bin/../lib/gcc/arm-none-eabi/13.3.1/../../../../arm-none-eabi/lib/thumb/v7e-m+fp/hard\libc_nano.a(libc_a-wsetup.o)
                0x08007954                __swsetup_r
 .text.memset   0x08007a00       0x10 C:/ST/STM32CubeIDE_1.19.0/STM32CubeIDE/plugins/com.st.stm32cube.ide.mcu.externaltools.gnu-tools-for-stm32.13.3.rel1.win32_1.0.0.202411081344/tools/bin/../lib/gcc/arm-none-eabi/13.3.1/../../../../arm-none-eabi/lib/thumb/v7e-m+fp/hard\libc_nano.a(libc_a-memset.o)
                0x08007a00                memset
 .text._close_r
                0x08007a10       0x20 C:/ST/STM32CubeIDE_1.19.0/STM32CubeIDE/plugins/com.st.stm32cube.ide.mcu.externaltools.gnu-tools-for-stm32.13.3.rel1.win32_1.0.0.202411081344/tools/bin/../lib/gcc/arm-none-eabi/13.3.1/../../../../arm-none-eabi/lib/thumb/v7e-m+fp/hard\libc_nano.a(libc_a-closer.o)
                0x08007a10                _close_r
 .text._lseek_r
                0x08007a30       0x24 C:/ST/STM32CubeIDE_1.19.0/STM32CubeIDE/plugins/com.st.stm32cube.ide.mcu.externaltools.gnu-tools-for-stm32.13.3.rel1.win32_1.0.0.202411081344/tools/bin/../lib/gcc/arm-none-eabi/13.3.1/../../../../arm-none-eabi/lib/thumb/v7e-m+fp/hard\libc_nano.a(libc_a-lseekr.o)
                0x08007a30                _lseek_r
 .text._read_r  0x08007a54       0x24 C:/ST/STM32CubeIDE_1.19.0/STM32CubeIDE/plugins/com.st.stm32cube.ide.mcu.externaltools.gnu-tools-for-stm32.13.3.rel1.win32_1.0.0.202411081344/tools/bin/../lib/gcc/arm-none-eabi/13.3.1/../../../../arm-none-eabi/lib/thumb/v7e-m+fp/hard\libc_nano.a(libc_a-readr.o)
                0x08007a54                _read_r
 .text._write_r
                0x08007a78       0x24 C:/ST/STM32CubeIDE_1.19.0/STM32CubeIDE/plugins/com.st.stm32cube.ide.mcu.externaltools.gnu-tools-for-stm32.13.3.rel1.win32_1.0.0.202411081344/tools/bin/../lib/gcc/arm-none-eabi/13.3.1/../../../../arm-none-eabi/lib/thumb/v7e-m+fp/hard\libc_nano.a(libc_a-writer.o)
                0x08007a78                _write_r
 .text.__errno  0x08007a9c        0xc C:/ST/STM32CubeIDE_1.19.0/STM32CubeIDE/plugins/com.st.stm32cube.ide.mcu.externaltools.gnu-tools-for-stm32.13.3.rel1.win32_1.0.0.202411081344/tools/bin/../lib/gcc/arm-none-eabi/13.3.1/../../../../arm-none-eabi/lib/thumb/v7e-m+fp/hard\libc_nano.a(libc_a-errno.o)
                0x08007a9c                __errno
 .text.__libc_init_array
                0x08007aa8       0x48 C:/ST/STM32CubeIDE_1.19.0/STM32CubeIDE/plugins/com.st.stm32cube.ide.mcu.externaltools.gnu-tools-for-stm32.13.3.rel1.win32_1.0.0.202411081344/tools/bin/../lib/gcc/arm-none-eabi/13.3.1/../../../../arm-none-eabi/lib/thumb/v7e-m+fp/hard\libc_nano.a(libc_a-init.o)
                0x08007aa8                __libc_init_array
 .text.__retarget_lock_init_recursive
                0x08007af0        0x2 C:/ST/STM32CubeIDE_1.19.0/STM32CubeIDE/plugins/com.st.stm32cube.ide.mcu.externaltools.gnu-tools-for-stm32.13.3.rel1.win32_1.0.0.202411081344/tools/bin/../lib/gcc/arm-none-eabi/13.3.1/../../../../arm-none-eabi/lib/thumb/v7e-m+fp/hard\libc_nano.a(libc_a-lock.o)
                0x08007af0                __retarget_lock_init_recursive
 .text.__retarget_lock_acquire_recursive
                0x08007af2        0x2 C:/ST/STM32CubeIDE_1.19.0/STM32CubeIDE/plugins/com.st.stm32cube.ide.mcu.externaltools.gnu-tools-for-stm32.13.3.rel1.win32_1.0.0.202411081344/tools/bin/../lib/gcc/arm-none-eabi/13.3.1/../../../../arm-none-eabi/lib/thumb/v7e-m+fp/hard\libc_nano.a(libc_a-lock.o)
                0x08007af2                __retarget_lock_acquire_recursive
 .text.__retarget_lock_release_recursive
                0x08007af4        0x2 C:/ST/STM32CubeIDE_1.19.0/STM32CubeIDE/plugins/com.st.stm32cube.ide.mcu.externaltools.gnu-tools-for-stm32.13.3.rel1.win32_1.0.0.202411081344/tools/bin/../lib/gcc/arm-none-eabi/13.3.1/../../../../arm-none-eabi/lib/thumb/v7e-m+fp/hard\libc_nano.a(libc_a-lock.o)
                0x08007af4                __retarget_lock_release_recursive
 .text.memcpy   0x08007af6       0x1c C:/ST/STM32CubeIDE_1.19.0/STM32CubeIDE/plugins/com.st.stm32cube.ide.mcu.externaltools.gnu-tools-for-stm32.13.3.rel1.win32_1.0.0.202411081344/tools/bin/../lib/gcc/arm-none-eabi/13.3.1/../../../../arm-none-eabi/lib/thumb/v7e-m+fp/hard\libc_nano.a(libc_a-memcpy-stub.o)
                0x08007af6                memcpy
 *fill*         0x08007b12        0x2 
 .text._free_r  0x08007b14       0x94 C:/ST/STM32CubeIDE_1.19.0/STM32CubeIDE/plugins/com.st.stm32cube.ide.mcu.externaltools.gnu-tools-for-stm32.13.3.rel1.win32_1.0.0.202411081344/tools/bin/../lib/gcc/arm-none-eabi/13.3.1/../../../../arm-none-eabi/lib/thumb/v7e-m+fp/hard\libc_nano.a(libc_a-freer.o)
                0x08007b14                _free_r
 .text.sbrk_aligned
                0x08007ba8       0x44 C:/ST/STM32CubeIDE_1.19.0/STM32CubeIDE/plugins/com.st.stm32cube.ide.mcu.externaltools.gnu-tools-for-stm32.13.3.rel1.win32_1.0.0.202411081344/tools/bin/../lib/gcc/arm-none-eabi/13.3.1/../../../../arm-none-eabi/lib/thumb/v7e-m+fp/hard\libc_nano.a(libc_a-mallocr.o)
 .text._malloc_r
                0x08007bec      0x100 C:/ST/STM32CubeIDE_1.19.0/STM32CubeIDE/plugins/com.st.stm32cube.ide.mcu.externaltools.gnu-tools-for-stm32.13.3.rel1.win32_1.0.0.202411081344/tools/bin/../lib/gcc/arm-none-eabi/13.3.1/../../../../arm-none-eabi/lib/thumb/v7e-m+fp/hard\libc_nano.a(libc_a-mallocr.o)
                0x08007bec                _malloc_r
 .text.__malloc_lock
                0x08007cec        0xc C:/ST/STM32CubeIDE_1.19.0/STM32CubeIDE/plugins/com.st.stm32cube.ide.mcu.externaltools.gnu-tools-for-stm32.13.3.rel1.win32_1.0.0.202411081344/tools/bin/../lib/gcc/arm-none-eabi/13.3.1/../../../../arm-none-eabi/lib/thumb/v7e-m+fp/hard\libc_nano.a(libc_a-mlock.o)
                0x08007cec                __malloc_lock
 .text.__malloc_unlock
                0x08007cf8        0xc C:/ST/STM32CubeIDE_1.19.0/STM32CubeIDE/plugins/com.st.stm32cube.ide.mcu.externaltools.gnu-tools-for-stm32.13.3.rel1.win32_1.0.0.202411081344/tools/bin/../lib/gcc/arm-none-eabi/13.3.1/../../../../arm-none-eabi/lib/thumb/v7e-m+fp/hard\libc_nano.a(libc_a-mlock.o)
                0x08007cf8                __malloc_unlock
 .text.__ssputs_r
                0x08007d04       0xb6 C:/ST/STM32CubeIDE_1.19.0/STM32CubeIDE/plugins/com.st.stm32cube.ide.mcu.externaltools.gnu-tools-for-stm32.13.3.rel1.win32_1.0.0.202411081344/tools/bin/../lib/gcc/arm-none-eabi/13.3.1/../../../../arm-none-eabi/lib/thumb/v7e-m+fp/hard\libc_nano.a(libc_a-nano-svfprintf.o)
                0x08007d04                __ssputs_r
 *fill*         0x08007dba        0x2 
 .text._svfprintf_r
                0x08007dbc      0x1f8 C:/ST/STM32CubeIDE_1.19.0/STM32CubeIDE/plugins/com.st.stm32cube.ide.mcu.externaltools.gnu-tools-for-stm32.13.3.rel1.win32_1.0.0.202411081344/tools/bin/../lib/gcc/arm-none-eabi/13.3.1/../../../../arm-none-eabi/lib/thumb/v7e-m+fp/hard\libc_nano.a(libc_a-nano-svfprintf.o)
                0x08007dbc                _svfiprintf_r
                0x08007dbc                _svfprintf_r
 .text.__sfputc_r
                0x08007fb4       0x2e C:/ST/STM32CubeIDE_1.19.0/STM32CubeIDE/plugins/com.st.stm32cube.ide.mcu.externaltools.gnu-tools-for-stm32.13.3.rel1.win32_1.0.0.202411081344/tools/bin/../lib/gcc/arm-none-eabi/13.3.1/../../../../arm-none-eabi/lib/thumb/v7e-m+fp/hard\libc_nano.a(libc_a-nano-vfprintf.o)
 .text.__sfputs_r
                0x08007fe2       0x24 C:/ST/STM32CubeIDE_1.19.0/STM32CubeIDE/plugins/com.st.stm32cube.ide.mcu.externaltools.gnu-tools-for-stm32.13.3.rel1.win32_1.0.0.202411081344/tools/bin/../lib/gcc/arm-none-eabi/13.3.1/../../../../arm-none-eabi/lib/thumb/v7e-m+fp/hard\libc_nano.a(libc_a-nano-vfprintf.o)
                0x08007fe2                __sfputs_r
 *fill*         0x08008006        0x2 
 .text._vfprintf_r
                0x08008008      0x230 C:/ST/STM32CubeIDE_1.19.0/STM32CubeIDE/plugins/com.st.stm32cube.ide.mcu.externaltools.gnu-tools-for-stm32.13.3.rel1.win32_1.0.0.202411081344/tools/bin/../lib/gcc/arm-none-eabi/13.3.1/../../../../arm-none-eabi/lib/thumb/v7e-m+fp/hard\libc_nano.a(libc_a-nano-vfprintf.o)
                0x08008008                _vfprintf_r
                0x08008008                _vfiprintf_r
 .text._printf_common
                0x08008238       0xda C:/ST/STM32CubeIDE_1.19.0/STM32CubeIDE/plugins/com.st.stm32cube.ide.mcu.externaltools.gnu-tools-for-stm32.13.3.rel1.win32_1.0.0.202411081344/tools/bin/../lib/gcc/arm-none-eabi/13.3.1/../../../../arm-none-eabi/lib/thumb/v7e-m+fp/hard\libc_nano.a(libc_a-nano-vfprintf_i.o)
                0x08008238                _printf_common
 *fill*         0x08008312        0x2 
 .text._printf_i
                0x08008314      0x23c C:/ST/STM32CubeIDE_1.19.0/STM32CubeIDE/plugins/com.st.stm32cube.ide.mcu.externaltools.gnu-tools-for-stm32.13.3.rel1.win32_1.0.0.202411081344/tools/bin/../lib/gcc/arm-none-eabi/13.3.1/../../../../arm-none-eabi/lib/thumb/v7e-m+fp/hard\libc_nano.a(libc_a-nano-vfprintf_i.o)
                0x08008314                _printf_i
 .text.__sflush_r
                0x08008550      0x108 C:/ST/STM32CubeIDE_1.19.0/STM32CubeIDE/plugins/com.st.stm32cube.ide.mcu.externaltools.gnu-tools-for-stm32.13.3.rel1.win32_1.0.0.202411081344/tools/bin/../lib/gcc/arm-none-eabi/13.3.1/../../../../arm-none-eabi/lib/thumb/v7e-m+fp/hard\libc_nano.a(libc_a-fflush.o)
                0x08008550                __sflush_r
 .text._fflush_r
                0x08008658       0x50 C:/ST/STM32CubeIDE_1.19.0/STM32CubeIDE/plugins/com.st.stm32cube.ide.mcu.externaltools.gnu-tools-for-stm32.13.3.rel1.win32_1.0.0.202411081344/tools/bin/../lib/gcc/arm-none-eabi/13.3.1/../../../../arm-none-eabi/lib/thumb/v7e-m+fp/hard\libc_nano.a(libc_a-fflush.o)
                0x08008658                _fflush_r
 .text.__swhatbuf_r
                0x080086a8       0x4c C:/ST/STM32CubeIDE_1.19.0/STM32CubeIDE/plugins/com.st.stm32cube.ide.mcu.externaltools.gnu-tools-for-stm32.13.3.rel1.win32_1.0.0.202411081344/tools/bin/../lib/gcc/arm-none-eabi/13.3.1/../../../../arm-none-eabi/lib/thumb/v7e-m+fp/hard\libc_nano.a(libc_a-makebuf.o)
                0x080086a8                __swhatbuf_r
 .text.__smakebuf_r
                0x080086f4       0x78 C:/ST/STM32CubeIDE_1.19.0/STM32CubeIDE/plugins/com.st.stm32cube.ide.mcu.externaltools.gnu-tools-for-stm32.13.3.rel1.win32_1.0.0.202411081344/tools/bin/../lib/gcc/arm-none-eabi/13.3.1/../../../../arm-none-eabi/lib/thumb/v7e-m+fp/hard\libc_nano.a(libc_a-makebuf.o)
                0x080086f4                __smakebuf_r
 .text.memmove  0x0800876c       0x34 C:/ST/STM32CubeIDE_1.19.0/STM32CubeIDE/plugins/com.st.stm32cube.ide.mcu.externaltools.gnu-tools-for-stm32.13.3.rel1.win32_1.0.0.202411081344/tools/bin/../lib/gcc/arm-none-eabi/13.3.1/../../../../arm-none-eabi/lib/thumb/v7e-m+fp/hard\libc_nano.a(libc_a-memmove.o)
                0x0800876c                memmove
 .text._fstat_r
                0x080087a0       0x24 C:/ST/STM32CubeIDE_1.19.0/STM32CubeIDE/plugins/com.st.stm32cube.ide.mcu.externaltools.gnu-tools-for-stm32.13.3.rel1.win32_1.0.0.202411081344/tools/bin/../lib/gcc/arm-none-eabi/13.3.1/../../../../arm-none-eabi/lib/thumb/v7e-m+fp/hard\libc_nano.a(libc_a-fstatr.o)
                0x080087a0                _fstat_r
 .text._isatty_r
                0x080087c4       0x20 C:/ST/STM32CubeIDE_1.19.0/STM32CubeIDE/plugins/com.st.stm32cube.ide.mcu.externaltools.gnu-tools-for-stm32.13.3.rel1.win32_1.0.0.202411081344/tools/bin/../lib/gcc/arm-none-eabi/13.3.1/../../../../arm-none-eabi/lib/thumb/v7e-m+fp/hard\libc_nano.a(libc_a-isattyr.o)
                0x080087c4                _isatty_r
 .text._sbrk_r  0x080087e4       0x20 C:/ST/STM32CubeIDE_1.19.0/STM32CubeIDE/plugins/com.st.stm32cube.ide.mcu.externaltools.gnu-tools-for-stm32.13.3.rel1.win32_1.0.0.202411081344/tools/bin/../lib/gcc/arm-none-eabi/13.3.1/../../../../arm-none-eabi/lib/thumb/v7e-m+fp/hard\libc_nano.a(libc_a-sbrkr.o)
                0x080087e4                _sbrk_r
 .text._realloc_r
                0x08008804       0x5c C:/ST/STM32CubeIDE_1.19.0/STM32CubeIDE/plugins/com.st.stm32cube.ide.mcu.externaltools.gnu-tools-for-stm32.13.3.rel1.win32_1.0.0.202411081344/tools/bin/../lib/gcc/arm-none-eabi/13.3.1/../../../../arm-none-eabi/lib/thumb/v7e-m+fp/hard\libc_nano.a(libc_a-reallocr.o)
                0x08008804                _realloc_r
 .text._malloc_usable_size_r
                0x08008860       0x10 C:/ST/STM32CubeIDE_1.19.0/STM32CubeIDE/plugins/com.st.stm32cube.ide.mcu.externaltools.gnu-tools-for-stm32.13.3.rel1.win32_1.0.0.202411081344/tools/bin/../lib/gcc/arm-none-eabi/13.3.1/../../../../arm-none-eabi/lib/thumb/v7e-m+fp/hard\libc_nano.a(libc_a-msizer.o)
                0x08008860                _malloc_usable_size_r
 *(.glue_7)
 .glue_7        0x08008870        0x0 linker stubs
 *(.glue_7t)
 .glue_7t       0x08008870        0x0 linker stubs
 *(.eh_frame)
 .eh_frame      0x08008870        0x0 C:/ST/STM32CubeIDE_1.19.0/STM32CubeIDE/plugins/com.st.stm32cube.ide.mcu.externaltools.gnu-tools-for-stm32.13.3.rel1.win32_1.0.0.202411081344/tools/bin/../lib/gcc/arm-none-eabi/13.3.1/thumb/v7e-m+fp/hard/crtbegin.o
 *(.init)
 .init          0x08008870        0x4 C:/ST/STM32CubeIDE_1.19.0/STM32CubeIDE/plugins/com.st.stm32cube.ide.mcu.externaltools.gnu-tools-for-stm32.13.3.rel1.win32_1.0.0.202411081344/tools/bin/../lib/gcc/arm-none-eabi/13.3.1/thumb/v7e-m+fp/hard/crti.o
                0x08008870                _init
 .init          0x08008874        0x8 C:/ST/STM32CubeIDE_1.19.0/STM32CubeIDE/plugins/com.st.stm32cube.ide.mcu.externaltools.gnu-tools-for-stm32.13.3.rel1.win32_1.0.0.202411081344/tools/bin/../lib/gcc/arm-none-eabi/13.3.1/thumb/v7e-m+fp/hard/crtn.o
 *(.fini)
 .fini          0x0800887c        0x4 C:/ST/STM32CubeIDE_1.19.0/STM32CubeIDE/plugins/com.st.stm32cube.ide.mcu.externaltools.gnu-tools-for-stm32.13.3.rel1.win32_1.0.0.202411081344/tools/bin/../lib/gcc/arm-none-eabi/13.3.1/thumb/v7e-m+fp/hard/crti.o
                0x0800887c                _fini
 .fini          0x08008880        0x8 C:/ST/STM32CubeIDE_1.19.0/STM32CubeIDE/plugins/com.st.stm32cube.ide.mcu.externaltools.gnu-tools-for-stm32.13.3.rel1.win32_1.0.0.202411081344/tools/bin/../lib/gcc/arm-none-eabi/13.3.1/thumb/v7e-m+fp/hard/crtn.o
                0x08008888                        . = ALIGN (0x4)
                0x08008888                        _etext = .

.vfp11_veneer   0x08008888        0x0
 .vfp11_veneer  0x08008888        0x0 linker stubs

.v4_bx          0x08008888        0x0
 .v4_bx         0x08008888        0x0 linker stubs

.iplt           0x08008888        0x0
 .iplt          0x08008888        0x0 C:/ST/STM32CubeIDE_1.19.0/STM32CubeIDE/plugins/com.st.stm32cube.ide.mcu.externaltools.gnu-tools-for-stm32.13.3.rel1.win32_1.0.0.202411081344/tools/bin/../lib/gcc/arm-none-eabi/13.3.1/thumb/v7e-m+fp/hard/crtbegin.o

.rodata         0x08008888      0x5f0
                0x08008888                        . = ALIGN (0x4)
 *(.rodata)
 .rodata        0x08008888       0x28 ./Core/Src/app_freertos.o
 .rodata        0x080088b0       0xf4 ./Core/Src/fonctions.o
 .rodata        0x080089a4       0x9d ./Core/Src/main.o
 *fill*         0x08008a41        0x3 
 .rodata        0x08008a44      0x24e ./Core/Src/task.o
 *fill*         0x08008c92        0x2 
 .rodata        0x08008c94        0x5 ./Middlewares/Third_Party/FreeRTOS/Source/tasks.o
 *fill*         0x08008c99        0x3 
 .rodata        0x08008c9c       0x68 ./Shell/shell.o
 *(.rodata*)
 .rodata.AHBPrescTable
                0x08008d04       0x10 ./Core/Src/system_stm32g4xx.o
                0x08008d04                AHBPrescTable
 .rodata.APBPrescTable
                0x08008d14        0x8 ./Core/Src/system_stm32g4xx.o
                0x08008d14                APBPrescTable
 .rodata.UARTPrescTable
                0x08008d1c       0x18 ./Drivers/STM32G4xx_HAL_Driver/Src/stm32g4xx_hal_uart.o
                0x08008d1c                UARTPrescTable
 .rodata.numerator.1
                0x08008d34        0x8 ./Drivers/STM32G4xx_HAL_Driver/Src/stm32g4xx_hal_uart_ex.o
 .rodata.denominator.0
                0x08008d3c        0x8 ./Drivers/STM32G4xx_HAL_Driver/Src/stm32g4xx_hal_uart_ex.o
 .rodata._ctype_
                0x08008d44      0x101 C:/ST/STM32CubeIDE_1.19.0/STM32CubeIDE/plugins/com.st.stm32cube.ide.mcu.externaltools.gnu-tools-for-stm32.13.3.rel1.win32_1.0.0.202411081344/tools/bin/../lib/gcc/arm-none-eabi/13.3.1/../../../../arm-none-eabi/lib/thumb/v7e-m+fp/hard\libc_nano.a(libc_a-ctype_.o)
                0x08008d44                _ctype_
 .rodata._svfprintf_r.str1.1
                0x08008e45       0x33 C:/ST/STM32CubeIDE_1.19.0/STM32CubeIDE/plugins/com.st.stm32cube.ide.mcu.externaltools.gnu-tools-for-stm32.13.3.rel1.win32_1.0.0.202411081344/tools/bin/../lib/gcc/arm-none-eabi/13.3.1/../../../../arm-none-eabi/lib/thumb/v7e-m+fp/hard\libc_nano.a(libc_a-nano-svfprintf.o)
                                 0x11 (size before relaxing)
 .rodata._vfprintf_r.str1.1
                0x08008e78       0x11 C:/ST/STM32CubeIDE_1.19.0/STM32CubeIDE/plugins/com.st.stm32cube.ide.mcu.externaltools.gnu-tools-for-stm32.13.3.rel1.win32_1.0.0.202411081344/tools/bin/../lib/gcc/arm-none-eabi/13.3.1/../../../../arm-none-eabi/lib/thumb/v7e-m+fp/hard\libc_nano.a(libc_a-nano-vfprintf.o)
 .rodata._printf_i.str1.1
                0x08008e78       0x22 C:/ST/STM32CubeIDE_1.19.0/STM32CubeIDE/plugins/com.st.stm32cube.ide.mcu.externaltools.gnu-tools-for-stm32.13.3.rel1.win32_1.0.0.202411081344/tools/bin/../lib/gcc/arm-none-eabi/13.3.1/../../../../arm-none-eabi/lib/thumb/v7e-m+fp/hard\libc_nano.a(libc_a-nano-vfprintf_i.o)
                0x08008e9c                        . = ALIGN (0x4)

.ARM.extab      0x08008e78        0x0
                0x08008e78                        . = ALIGN (0x4)
 *(.ARM.extab* .gnu.linkonce.armextab.*)
                0x08008e78                        . = ALIGN (0x4)

.ARM            0x08008e78        0x8
                0x08008e78                        . = ALIGN (0x4)
                0x08008e78                        __exidx_start = .
 *(.ARM.exidx*)
 .ARM.exidx     0x08008e78        0x8 C:/ST/STM32CubeIDE_1.19.0/STM32CubeIDE/plugins/com.st.stm32cube.ide.mcu.externaltools.gnu-tools-for-stm32.13.3.rel1.win32_1.0.0.202411081344/tools/bin/../lib/gcc/arm-none-eabi/13.3.1/../../../../arm-none-eabi/lib/thumb/v7e-m+fp/hard\libc_nano.a(libc_a-memchr.o)
 .ARM.exidx     0x08008e80        0x0 C:/ST/STM32CubeIDE_1.19.0/STM32CubeIDE/plugins/com.st.stm32cube.ide.mcu.externaltools.gnu-tools-for-stm32.13.3.rel1.win32_1.0.0.202411081344/tools/bin/../lib/gcc/arm-none-eabi/13.3.1/thumb/v7e-m+fp/hard\libgcc.a(_udivmoddi4.o)
                                  0x8 (size before relaxing)
                0x08008e80                        __exidx_end = .
                0x08008e80                        . = ALIGN (0x4)

.preinit_array  0x08008e80        0x0
                0x08008e80                        . = ALIGN (0x4)
                0x08008e80                        PROVIDE (__preinit_array_start = .)
 *(.preinit_array*)
                0x08008e80                        PROVIDE (__preinit_array_end = .)
                0x08008e80                        . = ALIGN (0x4)

.init_array     0x08008e80        0x4
                0x08008e80                        . = ALIGN (0x4)
                0x08008e80                        PROVIDE (__init_array_start = .)
 *(SORT_BY_NAME(.init_array.*))
 *(.init_array*)
 .init_array    0x08008e80        0x4 C:/ST/STM32CubeIDE_1.19.0/STM32CubeIDE/plugins/com.st.stm32cube.ide.mcu.externaltools.gnu-tools-for-stm32.13.3.rel1.win32_1.0.0.202411081344/tools/bin/../lib/gcc/arm-none-eabi/13.3.1/thumb/v7e-m+fp/hard/crtbegin.o
                0x08008e84                        PROVIDE (__init_array_end = .)
                0x08008e84                        . = ALIGN (0x4)

.fini_array     0x08008e84        0x4
                0x08008e84                        . = ALIGN (0x4)
                [!provide]                        PROVIDE (__fini_array_start = .)
 *(SORT_BY_NAME(.fini_array.*))
 *(.fini_array*)
 .fini_array    0x08008e84        0x4 C:/ST/STM32CubeIDE_1.19.0/STM32CubeIDE/plugins/com.st.stm32cube.ide.mcu.externaltools.gnu-tools-for-stm32.13.3.rel1.win32_1.0.0.202411081344/tools/bin/../lib/gcc/arm-none-eabi/13.3.1/thumb/v7e-m+fp/hard/crtbegin.o
                [!provide]                        PROVIDE (__fini_array_end = .)
                0x08008e88                        . = ALIGN (0x4)
                0x08008e88                        _sidata = LOADADDR (.data)

.rel.dyn        0x08008e88        0x0
 .rel.iplt      0x08008e88        0x0 C:/ST/STM32CubeIDE_1.19.0/STM32CubeIDE/plugins/com.st.stm32cube.ide.mcu.externaltools.gnu-tools-for-stm32.13.3.rel1.win32_1.0.0.202411081344/tools/bin/../lib/gcc/arm-none-eabi/13.3.1/thumb/v7e-m+fp/hard/crtbegin.o

.data           0x20000000       0x70 load address 0x08008e88
                0x20000000                        . = ALIGN (0x4)
                0x20000000                        _sdata = .
 *(.data)
 *(.data*)
 .data.message  0x20000000        0x4 ./Core/Src/fonctions.o
                0x20000000                message
 .data.SystemCoreClock
                0x20000004        0x4 ./Core/Src/system_stm32g4xx.o
                0x20000004                SystemCoreClock
 .data.uwTickPrio
                0x20000008        0x4 ./Drivers/STM32G4xx_HAL_Driver/Src/stm32g4xx_hal.o
                0x20000008                uwTickPrio
 .data.uwTickFreq
                0x2000000c        0x4 ./Drivers/STM32G4xx_HAL_Driver/Src/stm32g4xx_hal.o
                0x2000000c                uwTickFreq
 .data.uxCriticalNesting
                0x20000010        0x4 ./Middlewares/Third_Party/FreeRTOS/Source/portable/GCC/ARM_CM4F/port.o
 .data.__sglue  0x20000014        0xc C:/ST/STM32CubeIDE_1.19.0/STM32CubeIDE/plugins/com.st.stm32cube.ide.mcu.externaltools.gnu-tools-for-stm32.13.3.rel1.win32_1.0.0.202411081344/tools/bin/../lib/gcc/arm-none-eabi/13.3.1/../../../../arm-none-eabi/lib/thumb/v7e-m+fp/hard\libc_nano.a(libc_a-findfp.o)
                0x20000014                __sglue
 .data._impure_ptr
                0x20000020        0x4 C:/ST/STM32CubeIDE_1.19.0/STM32CubeIDE/plugins/com.st.stm32cube.ide.mcu.externaltools.gnu-tools-for-stm32.13.3.rel1.win32_1.0.0.202411081344/tools/bin/../lib/gcc/arm-none-eabi/13.3.1/../../../../arm-none-eabi/lib/thumb/v7e-m+fp/hard\libc_nano.a(libc_a-impure.o)
                0x20000020                _impure_ptr
 .data._impure_data
                0x20000024       0x4c C:/ST/STM32CubeIDE_1.19.0/STM32CubeIDE/plugins/com.st.stm32cube.ide.mcu.externaltools.gnu-tools-for-stm32.13.3.rel1.win32_1.0.0.202411081344/tools/bin/../lib/gcc/arm-none-eabi/13.3.1/../../../../arm-none-eabi/lib/thumb/v7e-m+fp/hard\libc_nano.a(libc_a-impure.o)
                0x20000024                _impure_data
 *(.RamFunc)
 *(.RamFunc*)
                0x20000070                        . = ALIGN (0x4)
                0x20000070                        _edata = .

.igot.plt       0x20000070        0x0 load address 0x08008ef8
 .igot.plt      0x20000070        0x0 C:/ST/STM32CubeIDE_1.19.0/STM32CubeIDE/plugins/com.st.stm32cube.ide.mcu.externaltools.gnu-tools-for-stm32.13.3.rel1.win32_1.0.0.202411081344/tools/bin/../lib/gcc/arm-none-eabi/13.3.1/thumb/v7e-m+fp/hard/crtbegin.o
                0x20000070                        . = ALIGN (0x4)

.bss            0x20000070     0x574c load address 0x08008ef8
                0x20000070                        _sbss = .
                0x20000070                        __bss_start__ = _sbss
 *(.bss)
 .bss           0x20000070       0x1c C:/ST/STM32CubeIDE_1.19.0/STM32CubeIDE/plugins/com.st.stm32cube.ide.mcu.externaltools.gnu-tools-for-stm32.13.3.rel1.win32_1.0.0.202411081344/tools/bin/../lib/gcc/arm-none-eabi/13.3.1/thumb/v7e-m+fp/hard/crtbegin.o
 *(.bss*)
 .bss.defaultTaskHandle
                0x2000008c        0x4 ./Core/Src/app_freertos.o
                0x2000008c                defaultTaskHandle
 .bss.xIdleTaskTCBBuffer
                0x20000090       0x54 ./Core/Src/app_freertos.o
 .bss.xIdleStack
                0x200000e4      0x200 ./Core/Src/app_freertos.o
 .bss.Period_Toggle
                0x200002e4        0x4 ./Core/Src/fonctions.o
                0x200002e4                Period_Toggle
 .bss.Period_Delay_msg
                0x200002e8        0x4 ./Core/Src/fonctions.o
                0x200002e8                Period_Delay_msg
 .bss.number_msg
                0x200002ec        0x4 ./Core/Src/fonctions.o
                0x200002ec                number_msg
 .bss.Task_bug_mutex
                0x200002f0        0x4 ./Core/Src/main.o
                0x200002f0                Task_bug_mutex
 .bss.TaskGT_queue
                0x200002f4        0x4 ./Core/Src/main.o
                0x200002f4                TaskGT_queue
 .bss.__sbrk_heap_end
                0x200002f8        0x4 ./Core/Src/sysmem.o
 .bss.h_task_shell
                0x200002fc        0x4 ./Core/Src/task.o
                0x200002fc                h_task_shell
 .bss.btn_flag  0x20000300        0x4 ./Core/Src/task.o
                0x20000300                btn_flag
 .bss.h_task_ToggleLED
                0x20000304        0x4 ./Core/Src/task.o
                0x20000304                h_task_ToggleLED
 .bss.h_task_spam
                0x20000308        0x4 ./Core/Src/task.o
                0x20000308                h_task_spam
 .bss.huart2    0x2000030c       0x94 ./Core/Src/usart.o
                0x2000030c                huart2
 .bss.uwTick    0x200003a0        0x4 ./Drivers/STM32G4xx_HAL_Driver/Src/stm32g4xx_hal.o
                0x200003a0                uwTick
 .bss.pxCurrentTCB
                0x200003a4        0x4 ./Middlewares/Third_Party/FreeRTOS/Source/tasks.o
                0x200003a4                pxCurrentTCB
 .bss.pxReadyTasksLists
                0x200003a8       0x8c ./Middlewares/Third_Party/FreeRTOS/Source/tasks.o
 .bss.xDelayedTaskList1
                0x20000434       0x14 ./Middlewares/Third_Party/FreeRTOS/Source/tasks.o
 .bss.xDelayedTaskList2
                0x20000448       0x14 ./Middlewares/Third_Party/FreeRTOS/Source/tasks.o
 .bss.pxDelayedTaskList
                0x2000045c        0x4 ./Middlewares/Third_Party/FreeRTOS/Source/tasks.o
 .bss.pxOverflowDelayedTaskList
                0x20000460        0x4 ./Middlewares/Third_Party/FreeRTOS/Source/tasks.o
 .bss.xPendingReadyList
                0x20000464       0x14 ./Middlewares/Third_Party/FreeRTOS/Source/tasks.o
 .bss.xTasksWaitingTermination
                0x20000478       0x14 ./Middlewares/Third_Party/FreeRTOS/Source/tasks.o
 .bss.uxDeletedTasksWaitingCleanUp
                0x2000048c        0x4 ./Middlewares/Third_Party/FreeRTOS/Source/tasks.o
 .bss.xSuspendedTaskList
                0x20000490       0x14 ./Middlewares/Third_Party/FreeRTOS/Source/tasks.o
 .bss.uxCurrentNumberOfTasks
                0x200004a4        0x4 ./Middlewares/Third_Party/FreeRTOS/Source/tasks.o
 .bss.xTickCount
                0x200004a8        0x4 ./Middlewares/Third_Party/FreeRTOS/Source/tasks.o
 .bss.uxTopReadyPriority
                0x200004ac        0x4 ./Middlewares/Third_Party/FreeRTOS/Source/tasks.o
 .bss.xSchedulerRunning
                0x200004b0        0x4 ./Middlewares/Third_Party/FreeRTOS/Source/tasks.o
 .bss.xPendedTicks
                0x200004b4        0x4 ./Middlewares/Third_Party/FreeRTOS/Source/tasks.o
 .bss.xYieldPending
                0x200004b8        0x4 ./Middlewares/Third_Party/FreeRTOS/Source/tasks.o
 .bss.xNumOfOverflows
                0x200004bc        0x4 ./Middlewares/Third_Party/FreeRTOS/Source/tasks.o
 .bss.uxTaskNumber
                0x200004c0        0x4 ./Middlewares/Third_Party/FreeRTOS/Source/tasks.o
 .bss.xNextTaskUnblockTime
                0x200004c4        0x4 ./Middlewares/Third_Party/FreeRTOS/Source/tasks.o
 .bss.xIdleTaskHandle
                0x200004c8        0x4 ./Middlewares/Third_Party/FreeRTOS/Source/tasks.o
 .bss.uxSchedulerSuspended
                0x200004cc        0x4 ./Middlewares/Third_Party/FreeRTOS/Source/tasks.o
 .bss.ucMaxSysCallPriority
                0x200004d0        0x1 ./Middlewares/Third_Party/FreeRTOS/Source/portable/GCC/ARM_CM4F/port.o
 *fill*         0x200004d1        0x3 
 .bss.ulMaxPRIGROUPValue
                0x200004d4        0x4 ./Middlewares/Third_Party/FreeRTOS/Source/portable/GCC/ARM_CM4F/port.o
 .bss.ucHeap    0x200004d8     0x4e20 ./Middlewares/Third_Party/FreeRTOS/Source/portable/MemMang/heap_4.o
 .bss.xStart    0x200052f8        0x8 ./Middlewares/Third_Party/FreeRTOS/Source/portable/MemMang/heap_4.o
 .bss.pxEnd     0x20005300        0x4 ./Middlewares/Third_Party/FreeRTOS/Source/portable/MemMang/heap_4.o
 .bss.xFreeBytesRemaining
                0x20005304        0x4 ./Middlewares/Third_Party/FreeRTOS/Source/portable/MemMang/heap_4.o
 .bss.xMinimumEverFreeBytesRemaining
                0x20005308        0x4 ./Middlewares/Third_Party/FreeRTOS/Source/portable/MemMang/heap_4.o
 .bss.xNumberOfSuccessfulAllocations
                0x2000530c        0x4 ./Middlewares/Third_Party/FreeRTOS/Source/portable/MemMang/heap_4.o
 .bss.xNumberOfSuccessfulFrees
                0x20005310        0x4 ./Middlewares/Third_Party/FreeRTOS/Source/portable/MemMang/heap_4.o
 .bss.xBlockAllocatedBit
                0x20005314        0x4 ./Middlewares/Third_Party/FreeRTOS/Source/portable/MemMang/heap_4.o
 .bss.sem_uart_rx
                0x20005318        0x4 ./Shell/shell.o
                0x20005318                sem_uart_rx
 .bss.shell_func_list_size
                0x2000531c        0x4 ./Shell/shell.o
 .bss.shell_func_list
                0x20005320      0x300 ./Shell/shell.o
 .bss.print_buffer
                0x20005620       0x28 ./Shell/shell.o
 .bss.cmd_buffer.0
                0x20005648       0x28 ./Shell/shell.o
 .bss.__sf      0x20005670      0x138 C:/ST/STM32CubeIDE_1.19.0/STM32CubeIDE/plugins/com.st.stm32cube.ide.mcu.externaltools.gnu-tools-for-stm32.13.3.rel1.win32_1.0.0.202411081344/tools/bin/../lib/gcc/arm-none-eabi/13.3.1/../../../../arm-none-eabi/lib/thumb/v7e-m+fp/hard\libc_nano.a(libc_a-findfp.o)
                0x20005670                __sf
 .bss.__stdio_exit_handler
                0x200057a8        0x4 C:/ST/STM32CubeIDE_1.19.0/STM32CubeIDE/plugins/com.st.stm32cube.ide.mcu.externaltools.gnu-tools-for-stm32.13.3.rel1.win32_1.0.0.202411081344/tools/bin/../lib/gcc/arm-none-eabi/13.3.1/../../../../arm-none-eabi/lib/thumb/v7e-m+fp/hard\libc_nano.a(libc_a-findfp.o)
                0x200057a8                __stdio_exit_handler
 .bss.errno     0x200057ac        0x4 C:/ST/STM32CubeIDE_1.19.0/STM32CubeIDE/plugins/com.st.stm32cube.ide.mcu.externaltools.gnu-tools-for-stm32.13.3.rel1.win32_1.0.0.202411081344/tools/bin/../lib/gcc/arm-none-eabi/13.3.1/../../../../arm-none-eabi/lib/thumb/v7e-m+fp/hard\libc_nano.a(libc_a-reent.o)
                0x200057ac                errno
 .bss.__lock___malloc_recursive_mutex
                0x200057b0        0x1 C:/ST/STM32CubeIDE_1.19.0/STM32CubeIDE/plugins/com.st.stm32cube.ide.mcu.externaltools.gnu-tools-for-stm32.13.3.rel1.win32_1.0.0.202411081344/tools/bin/../lib/gcc/arm-none-eabi/13.3.1/../../../../arm-none-eabi/lib/thumb/v7e-m+fp/hard\libc_nano.a(libc_a-lock.o)
                0x200057b0                __lock___malloc_recursive_mutex
 .bss.__lock___sfp_recursive_mutex
                0x200057b1        0x1 C:/ST/STM32CubeIDE_1.19.0/STM32CubeIDE/plugins/com.st.stm32cube.ide.mcu.externaltools.gnu-tools-for-stm32.13.3.rel1.win32_1.0.0.202411081344/tools/bin/../lib/gcc/arm-none-eabi/13.3.1/../../../../arm-none-eabi/lib/thumb/v7e-m+fp/hard\libc_nano.a(libc_a-lock.o)
                0x200057b1                __lock___sfp_recursive_mutex
 *fill*         0x200057b2        0x2 
 .bss.__malloc_sbrk_start
                0x200057b4        0x4 C:/ST/STM32CubeIDE_1.19.0/STM32CubeIDE/plugins/com.st.stm32cube.ide.mcu.externaltools.gnu-tools-for-stm32.13.3.rel1.win32_1.0.0.202411081344/tools/bin/../lib/gcc/arm-none-eabi/13.3.1/../../../../arm-none-eabi/lib/thumb/v7e-m+fp/hard\libc_nano.a(libc_a-mallocr.o)
                0x200057b4                __malloc_sbrk_start
 .bss.__malloc_free_list
                0x200057b8        0x4 C:/ST/STM32CubeIDE_1.19.0/STM32CubeIDE/plugins/com.st.stm32cube.ide.mcu.externaltools.gnu-tools-for-stm32.13.3.rel1.win32_1.0.0.202411081344/tools/bin/../lib/gcc/arm-none-eabi/13.3.1/../../../../arm-none-eabi/lib/thumb/v7e-m+fp/hard\libc_nano.a(libc_a-mallocr.o)
                0x200057b8                __malloc_free_list
 *(COMMON)
                0x200057bc                        . = ALIGN (0x4)
                0x200057bc                        _ebss = .
                0x200057bc                        __bss_end__ = _ebss

._user_heap_stack
                0x200057bc      0x604 load address 0x08008ef8
                0x200057c0                        . = ALIGN (0x8)
 *fill*         0x200057bc        0x4 
                [!provide]                        PROVIDE (end = .)
                0x200057c0                        PROVIDE (_end = .)
                0x200059c0                        . = (. + _Min_Heap_Size)
 *fill*         0x200057c0      0x200 
                0x20005dc0                        . = (. + _Min_Stack_Size)
 *fill*         0x200059c0      0x400 
                0x20005dc0                        . = ALIGN (0x8)

/DISCARD/
 libc.a(*)
 libm.a(*)
 libgcc.a(*)

.ARM.attributes
                0x00000000       0x30
 *(.ARM.attributes)
 .ARM.attributes
                0x00000000       0x22 C:/ST/STM32CubeIDE_1.19.0/STM32CubeIDE/plugins/com.st.stm32cube.ide.mcu.externaltools.gnu-tools-for-stm32.13.3.rel1.win32_1.0.0.202411081344/tools/bin/../lib/gcc/arm-none-eabi/13.3.1/thumb/v7e-m+fp/hard/crti.o
 .ARM.attributes
                0x00000022       0x34 C:/ST/STM32CubeIDE_1.19.0/STM32CubeIDE/plugins/com.st.stm32cube.ide.mcu.externaltools.gnu-tools-for-stm32.13.3.rel1.win32_1.0.0.202411081344/tools/bin/../lib/gcc/arm-none-eabi/13.3.1/thumb/v7e-m+fp/hard/crtbegin.o
 .ARM.attributes
                0x00000056       0x34 ./Core/Src/app_freertos.o
 .ARM.attributes
                0x0000008a       0x34 ./Core/Src/fonctions.o
 .ARM.attributes
                0x000000be       0x34 ./Core/Src/gpio.o
 .ARM.attributes
                0x000000f2       0x34 ./Core/Src/main.o
 .ARM.attributes
                0x00000126       0x34 ./Core/Src/stm32g4xx_hal_msp.o
 .ARM.attributes
                0x0000015a       0x34 ./Core/Src/stm32g4xx_it.o
 .ARM.attributes
                0x0000018e       0x34 ./Core/Src/syscalls.o
 .ARM.attributes
                0x000001c2       0x34 ./Core/Src/sysmem.o
 .ARM.attributes
                0x000001f6       0x34 ./Core/Src/system_stm32g4xx.o
 .ARM.attributes
                0x0000022a       0x34 ./Core/Src/task.o
 .ARM.attributes
                0x0000025e       0x34 ./Core/Src/usart.o
 .ARM.attributes
                0x00000292       0x21 ./Core/Startup/startup_stm32g431rbtx.o
 .ARM.attributes
                0x000002b3       0x34 ./Drivers/STM32G4xx_HAL_Driver/Src/stm32g4xx_hal.o
 .ARM.attributes
                0x000002e7       0x34 ./Drivers/STM32G4xx_HAL_Driver/Src/stm32g4xx_hal_cortex.o
 .ARM.attributes
                0x0000031b       0x34 ./Drivers/STM32G4xx_HAL_Driver/Src/stm32g4xx_hal_dma.o
 .ARM.attributes
                0x0000034f       0x34 ./Drivers/STM32G4xx_HAL_Driver/Src/stm32g4xx_hal_gpio.o
 .ARM.attributes
                0x00000383       0x34 ./Drivers/STM32G4xx_HAL_Driver/Src/stm32g4xx_hal_pwr_ex.o
 .ARM.attributes
                0x000003b7       0x34 ./Drivers/STM32G4xx_HAL_Driver/Src/stm32g4xx_hal_rcc.o
 .ARM.attributes
                0x000003eb       0x34 ./Drivers/STM32G4xx_HAL_Driver/Src/stm32g4xx_hal_rcc_ex.o
 .ARM.attributes
                0x0000041f       0x34 ./Drivers/STM32G4xx_HAL_Driver/Src/stm32g4xx_hal_uart.o
 .ARM.attributes
                0x00000453       0x34 ./Drivers/STM32G4xx_HAL_Driver/Src/stm32g4xx_hal_uart_ex.o
 .ARM.attributes
                0x00000487       0x34 ./Middlewares/Third_Party/FreeRTOS/Source/CMSIS_RTOS/cmsis_os.o
 .ARM.attributes
                0x000004bb       0x34 ./Middlewares/Third_Party/FreeRTOS/Source/list.o
 .ARM.attributes
                0x000004ef       0x34 ./Middlewares/Third_Party/FreeRTOS/Source/queue.o
 .ARM.attributes
                0x00000523       0x34 ./Middlewares/Third_Party/FreeRTOS/Source/tasks.o
 .ARM.attributes
                0x00000557       0x34 ./Middlewares/Third_Party/FreeRTOS/Source/portable/GCC/ARM_CM4F/port.o
 .ARM.attributes
                0x0000058b       0x34 ./Middlewares/Third_Party/FreeRTOS/Source/portable/MemMang/heap_4.o
 .ARM.attributes
                0x000005bf       0x34 ./Shell/shell.o
 .ARM.attributes
                0x000005f3       0x34 C:/ST/STM32CubeIDE_1.19.0/STM32CubeIDE/plugins/com.st.stm32cube.ide.mcu.externaltools.gnu-tools-for-stm32.13.3.rel1.win32_1.0.0.202411081344/tools/bin/../lib/gcc/arm-none-eabi/13.3.1/../../../../arm-none-eabi/lib/thumb/v7e-m+fp/hard\libc_nano.a(libc_a-atoi.o)
 .ARM.attributes
                0x00000627       0x34 C:/ST/STM32CubeIDE_1.19.0/STM32CubeIDE/plugins/com.st.stm32cube.ide.mcu.externaltools.gnu-tools-for-stm32.13.3.rel1.win32_1.0.0.202411081344/tools/bin/../lib/gcc/arm-none-eabi/13.3.1/../../../../arm-none-eabi/lib/thumb/v7e-m+fp/hard\libc_nano.a(libc_a-strtol.o)
 .ARM.attributes
                0x0000065b       0x34 C:/ST/STM32CubeIDE_1.19.0/STM32CubeIDE/plugins/com.st.stm32cube.ide.mcu.externaltools.gnu-tools-for-stm32.13.3.rel1.win32_1.0.0.202411081344/tools/bin/../lib/gcc/arm-none-eabi/13.3.1/../../../../arm-none-eabi/lib/thumb/v7e-m+fp/hard\libc_nano.a(libc_a-ctype_.o)
 .ARM.attributes
                0x0000068f       0x34 C:/ST/STM32CubeIDE_1.19.0/STM32CubeIDE/plugins/com.st.stm32cube.ide.mcu.externaltools.gnu-tools-for-stm32.13.3.rel1.win32_1.0.0.202411081344/tools/bin/../lib/gcc/arm-none-eabi/13.3.1/../../../../arm-none-eabi/lib/thumb/v7e-m+fp/hard\libc_nano.a(libc_a-findfp.o)
 .ARM.attributes
                0x000006c3       0x34 C:/ST/STM32CubeIDE_1.19.0/STM32CubeIDE/plugins/com.st.stm32cube.ide.mcu.externaltools.gnu-tools-for-stm32.13.3.rel1.win32_1.0.0.202411081344/tools/bin/../lib/gcc/arm-none-eabi/13.3.1/../../../../arm-none-eabi/lib/thumb/v7e-m+fp/hard\libc_nano.a(libc_a-fwalk.o)
 .ARM.attributes
                0x000006f7       0x34 C:/ST/STM32CubeIDE_1.19.0/STM32CubeIDE/plugins/com.st.stm32cube.ide.mcu.externaltools.gnu-tools-for-stm32.13.3.rel1.win32_1.0.0.202411081344/tools/bin/../lib/gcc/arm-none-eabi/13.3.1/../../../../arm-none-eabi/lib/thumb/v7e-m+fp/hard\libc_nano.a(libc_a-printf.o)
 .ARM.attributes
                0x0000072b       0x34 C:/ST/STM32CubeIDE_1.19.0/STM32CubeIDE/plugins/com.st.stm32cube.ide.mcu.externaltools.gnu-tools-for-stm32.13.3.rel1.win32_1.0.0.202411081344/tools/bin/../lib/gcc/arm-none-eabi/13.3.1/../../../../arm-none-eabi/lib/thumb/v7e-m+fp/hard\libc_nano.a(libc_a-puts.o)
 .ARM.attributes
                0x0000075f       0x34 C:/ST/STM32CubeIDE_1.19.0/STM32CubeIDE/plugins/com.st.stm32cube.ide.mcu.externaltools.gnu-tools-for-stm32.13.3.rel1.win32_1.0.0.202411081344/tools/bin/../lib/gcc/arm-none-eabi/13.3.1/../../../../arm-none-eabi/lib/thumb/v7e-m+fp/hard\libc_nano.a(libc_a-snprintf.o)
 .ARM.attributes
                0x00000793       0x34 C:/ST/STM32CubeIDE_1.19.0/STM32CubeIDE/plugins/com.st.stm32cube.ide.mcu.externaltools.gnu-tools-for-stm32.13.3.rel1.win32_1.0.0.202411081344/tools/bin/../lib/gcc/arm-none-eabi/13.3.1/../../../../arm-none-eabi/lib/thumb/v7e-m+fp/hard\libc_nano.a(libc_a-stdio.o)
 .ARM.attributes
                0x000007c7       0x34 C:/ST/STM32CubeIDE_1.19.0/STM32CubeIDE/plugins/com.st.stm32cube.ide.mcu.externaltools.gnu-tools-for-stm32.13.3.rel1.win32_1.0.0.202411081344/tools/bin/../lib/gcc/arm-none-eabi/13.3.1/../../../../arm-none-eabi/lib/thumb/v7e-m+fp/hard\libc_nano.a(libc_a-wbuf.o)
 .ARM.attributes
                0x000007fb       0x34 C:/ST/STM32CubeIDE_1.19.0/STM32CubeIDE/plugins/com.st.stm32cube.ide.mcu.externaltools.gnu-tools-for-stm32.13.3.rel1.win32_1.0.0.202411081344/tools/bin/../lib/gcc/arm-none-eabi/13.3.1/../../../../arm-none-eabi/lib/thumb/v7e-m+fp/hard\libc_nano.a(libc_a-wsetup.o)
 .ARM.attributes
                0x0000082f       0x34 C:/ST/STM32CubeIDE_1.19.0/STM32CubeIDE/plugins/com.st.stm32cube.ide.mcu.externaltools.gnu-tools-for-stm32.13.3.rel1.win32_1.0.0.202411081344/tools/bin/../lib/gcc/arm-none-eabi/13.3.1/../../../../arm-none-eabi/lib/thumb/v7e-m+fp/hard\libc_nano.a(libc_a-memset.o)
 .ARM.attributes
                0x00000863       0x34 C:/ST/STM32CubeIDE_1.19.0/STM32CubeIDE/plugins/com.st.stm32cube.ide.mcu.externaltools.gnu-tools-for-stm32.13.3.rel1.win32_1.0.0.202411081344/tools/bin/../lib/gcc/arm-none-eabi/13.3.1/../../../../arm-none-eabi/lib/thumb/v7e-m+fp/hard\libc_nano.a(libc_a-closer.o)
 .ARM.attributes
                0x00000897       0x34 C:/ST/STM32CubeIDE_1.19.0/STM32CubeIDE/plugins/com.st.stm32cube.ide.mcu.externaltools.gnu-tools-for-stm32.13.3.rel1.win32_1.0.0.202411081344/tools/bin/../lib/gcc/arm-none-eabi/13.3.1/../../../../arm-none-eabi/lib/thumb/v7e-m+fp/hard\libc_nano.a(libc_a-reent.o)
 .ARM.attributes
                0x000008cb       0x34 C:/ST/STM32CubeIDE_1.19.0/STM32CubeIDE/plugins/com.st.stm32cube.ide.mcu.externaltools.gnu-tools-for-stm32.13.3.rel1.win32_1.0.0.202411081344/tools/bin/../lib/gcc/arm-none-eabi/13.3.1/../../../../arm-none-eabi/lib/thumb/v7e-m+fp/hard\libc_nano.a(libc_a-impure.o)
 .ARM.attributes
                0x000008ff       0x34 C:/ST/STM32CubeIDE_1.19.0/STM32CubeIDE/plugins/com.st.stm32cube.ide.mcu.externaltools.gnu-tools-for-stm32.13.3.rel1.win32_1.0.0.202411081344/tools/bin/../lib/gcc/arm-none-eabi/13.3.1/../../../../arm-none-eabi/lib/thumb/v7e-m+fp/hard\libc_nano.a(libc_a-lseekr.o)
 .ARM.attributes
                0x00000933       0x34 C:/ST/STM32CubeIDE_1.19.0/STM32CubeIDE/plugins/com.st.stm32cube.ide.mcu.externaltools.gnu-tools-for-stm32.13.3.rel1.win32_1.0.0.202411081344/tools/bin/../lib/gcc/arm-none-eabi/13.3.1/../../../../arm-none-eabi/lib/thumb/v7e-m+fp/hard\libc_nano.a(libc_a-readr.o)
 .ARM.attributes
                0x00000967       0x34 C:/ST/STM32CubeIDE_1.19.0/STM32CubeIDE/plugins/com.st.stm32cube.ide.mcu.externaltools.gnu-tools-for-stm32.13.3.rel1.win32_1.0.0.202411081344/tools/bin/../lib/gcc/arm-none-eabi/13.3.1/../../../../arm-none-eabi/lib/thumb/v7e-m+fp/hard\libc_nano.a(libc_a-writer.o)
 .ARM.attributes
                0x0000099b       0x34 C:/ST/STM32CubeIDE_1.19.0/STM32CubeIDE/plugins/com.st.stm32cube.ide.mcu.externaltools.gnu-tools-for-stm32.13.3.rel1.win32_1.0.0.202411081344/tools/bin/../lib/gcc/arm-none-eabi/13.3.1/../../../../arm-none-eabi/lib/thumb/v7e-m+fp/hard\libc_nano.a(libc_a-errno.o)
 .ARM.attributes
                0x000009cf       0x34 C:/ST/STM32CubeIDE_1.19.0/STM32CubeIDE/plugins/com.st.stm32cube.ide.mcu.externaltools.gnu-tools-for-stm32.13.3.rel1.win32_1.0.0.202411081344/tools/bin/../lib/gcc/arm-none-eabi/13.3.1/../../../../arm-none-eabi/lib/thumb/v7e-m+fp/hard\libc_nano.a(libc_a-init.o)
 .ARM.attributes
                0x00000a03       0x34 C:/ST/STM32CubeIDE_1.19.0/STM32CubeIDE/plugins/com.st.stm32cube.ide.mcu.externaltools.gnu-tools-for-stm32.13.3.rel1.win32_1.0.0.202411081344/tools/bin/../lib/gcc/arm-none-eabi/13.3.1/../../../../arm-none-eabi/lib/thumb/v7e-m+fp/hard\libc_nano.a(libc_a-lock.o)
 .ARM.attributes
                0x00000a37       0x34 C:/ST/STM32CubeIDE_1.19.0/STM32CubeIDE/plugins/com.st.stm32cube.ide.mcu.externaltools.gnu-tools-for-stm32.13.3.rel1.win32_1.0.0.202411081344/tools/bin/../lib/gcc/arm-none-eabi/13.3.1/../../../../arm-none-eabi/lib/thumb/v7e-m+fp/hard\libc_nano.a(libc_a-memcpy-stub.o)
 .ARM.attributes
                0x00000a6b       0x34 C:/ST/STM32CubeIDE_1.19.0/STM32CubeIDE/plugins/com.st.stm32cube.ide.mcu.externaltools.gnu-tools-for-stm32.13.3.rel1.win32_1.0.0.202411081344/tools/bin/../lib/gcc/arm-none-eabi/13.3.1/../../../../arm-none-eabi/lib/thumb/v7e-m+fp/hard\libc_nano.a(libc_a-freer.o)
 .ARM.attributes
                0x00000a9f       0x34 C:/ST/STM32CubeIDE_1.19.0/STM32CubeIDE/plugins/com.st.stm32cube.ide.mcu.externaltools.gnu-tools-for-stm32.13.3.rel1.win32_1.0.0.202411081344/tools/bin/../lib/gcc/arm-none-eabi/13.3.1/../../../../arm-none-eabi/lib/thumb/v7e-m+fp/hard\libc_nano.a(libc_a-mallocr.o)
 .ARM.attributes
                0x00000ad3       0x34 C:/ST/STM32CubeIDE_1.19.0/STM32CubeIDE/plugins/com.st.stm32cube.ide.mcu.externaltools.gnu-tools-for-stm32.13.3.rel1.win32_1.0.0.202411081344/tools/bin/../lib/gcc/arm-none-eabi/13.3.1/../../../../arm-none-eabi/lib/thumb/v7e-m+fp/hard\libc_nano.a(libc_a-mlock.o)
 .ARM.attributes
                0x00000b07       0x34 C:/ST/STM32CubeIDE_1.19.0/STM32CubeIDE/plugins/com.st.stm32cube.ide.mcu.externaltools.gnu-tools-for-stm32.13.3.rel1.win32_1.0.0.202411081344/tools/bin/../lib/gcc/arm-none-eabi/13.3.1/../../../../arm-none-eabi/lib/thumb/v7e-m+fp/hard\libc_nano.a(libc_a-nano-svfprintf.o)
 .ARM.attributes
                0x00000b3b       0x34 C:/ST/STM32CubeIDE_1.19.0/STM32CubeIDE/plugins/com.st.stm32cube.ide.mcu.externaltools.gnu-tools-for-stm32.13.3.rel1.win32_1.0.0.202411081344/tools/bin/../lib/gcc/arm-none-eabi/13.3.1/../../../../arm-none-eabi/lib/thumb/v7e-m+fp/hard\libc_nano.a(libc_a-nano-vfprintf.o)
 .ARM.attributes
                0x00000b6f       0x34 C:/ST/STM32CubeIDE_1.19.0/STM32CubeIDE/plugins/com.st.stm32cube.ide.mcu.externaltools.gnu-tools-for-stm32.13.3.rel1.win32_1.0.0.202411081344/tools/bin/../lib/gcc/arm-none-eabi/13.3.1/../../../../arm-none-eabi/lib/thumb/v7e-m+fp/hard\libc_nano.a(libc_a-nano-vfprintf_i.o)
 .ARM.attributes
                0x00000ba3       0x34 C:/ST/STM32CubeIDE_1.19.0/STM32CubeIDE/plugins/com.st.stm32cube.ide.mcu.externaltools.gnu-tools-for-stm32.13.3.rel1.win32_1.0.0.202411081344/tools/bin/../lib/gcc/arm-none-eabi/13.3.1/../../../../arm-none-eabi/lib/thumb/v7e-m+fp/hard\libc_nano.a(libc_a-fflush.o)
 .ARM.attributes
                0x00000bd7       0x34 C:/ST/STM32CubeIDE_1.19.0/STM32CubeIDE/plugins/com.st.stm32cube.ide.mcu.externaltools.gnu-tools-for-stm32.13.3.rel1.win32_1.0.0.202411081344/tools/bin/../lib/gcc/arm-none-eabi/13.3.1/../../../../arm-none-eabi/lib/thumb/v7e-m+fp/hard\libc_nano.a(libc_a-makebuf.o)
 .ARM.attributes
                0x00000c0b       0x34 C:/ST/STM32CubeIDE_1.19.0/STM32CubeIDE/plugins/com.st.stm32cube.ide.mcu.externaltools.gnu-tools-for-stm32.13.3.rel1.win32_1.0.0.202411081344/tools/bin/../lib/gcc/arm-none-eabi/13.3.1/../../../../arm-none-eabi/lib/thumb/v7e-m+fp/hard\libc_nano.a(libc_a-memmove.o)
 .ARM.attributes
                0x00000c3f       0x34 C:/ST/STM32CubeIDE_1.19.0/STM32CubeIDE/plugins/com.st.stm32cube.ide.mcu.externaltools.gnu-tools-for-stm32.13.3.rel1.win32_1.0.0.202411081344/tools/bin/../lib/gcc/arm-none-eabi/13.3.1/../../../../arm-none-eabi/lib/thumb/v7e-m+fp/hard\libc_nano.a(libc_a-fstatr.o)
 .ARM.attributes
                0x00000c73       0x34 C:/ST/STM32CubeIDE_1.19.0/STM32CubeIDE/plugins/com.st.stm32cube.ide.mcu.externaltools.gnu-tools-for-stm32.13.3.rel1.win32_1.0.0.202411081344/tools/bin/../lib/gcc/arm-none-eabi/13.3.1/../../../../arm-none-eabi/lib/thumb/v7e-m+fp/hard\libc_nano.a(libc_a-isattyr.o)
 .ARM.attributes
                0x00000ca7       0x34 C:/ST/STM32CubeIDE_1.19.0/STM32CubeIDE/plugins/com.st.stm32cube.ide.mcu.externaltools.gnu-tools-for-stm32.13.3.rel1.win32_1.0.0.202411081344/tools/bin/../lib/gcc/arm-none-eabi/13.3.1/../../../../arm-none-eabi/lib/thumb/v7e-m+fp/hard\libc_nano.a(libc_a-sbrkr.o)
 .ARM.attributes
                0x00000cdb       0x1c C:/ST/STM32CubeIDE_1.19.0/STM32CubeIDE/plugins/com.st.stm32cube.ide.mcu.externaltools.gnu-tools-for-stm32.13.3.rel1.win32_1.0.0.202411081344/tools/bin/../lib/gcc/arm-none-eabi/13.3.1/../../../../arm-none-eabi/lib/thumb/v7e-m+fp/hard\libc_nano.a(libc_a-memchr.o)
 .ARM.attributes
                0x00000cf7       0x34 C:/ST/STM32CubeIDE_1.19.0/STM32CubeIDE/plugins/com.st.stm32cube.ide.mcu.externaltools.gnu-tools-for-stm32.13.3.rel1.win32_1.0.0.202411081344/tools/bin/../lib/gcc/arm-none-eabi/13.3.1/../../../../arm-none-eabi/lib/thumb/v7e-m+fp/hard\libc_nano.a(libc_a-reallocr.o)
 .ARM.attributes
                0x00000d2b       0x34 C:/ST/STM32CubeIDE_1.19.0/STM32CubeIDE/plugins/com.st.stm32cube.ide.mcu.externaltools.gnu-tools-for-stm32.13.3.rel1.win32_1.0.0.202411081344/tools/bin/../lib/gcc/arm-none-eabi/13.3.1/../../../../arm-none-eabi/lib/thumb/v7e-m+fp/hard\libc_nano.a(libc_a-msizer.o)
 .ARM.attributes